******************************************************************************
             TMS320C2000 Linker PC v20.2.1                     
******************************************************************************
>> Linked Wed Jun  7 10:03:13 2023

OUTPUT FILE NAME:   <../iPMSM_F28069M.out>
ENTRY POINT SYMBOL: "_c_int00"  address: 003da474


MEMORY CONFIGURATION

         name            origin    length      used     unused   attr    fill
----------------------  --------  ---------  --------  --------  ----  --------
PAGE 0:
  BEGINRAM              00000000   00000002  00000000  00000002  RWIX
  PRAM                  00008000   00006000  000007e0  00005820  RWIX
  OTP                   003d7800   000003fa  00000000  000003fa  RWIX
  FLASH                 003d8000   0001fff0  00003916  0001c6da  RWIX
  BEGINFLASH            003f7ff6   00000002  00000002  00000000  RWIX
  CSM_PWL               003f7ff8   00000008  00000000  00000008  RWIX
  FPUTABLES             003fd590   000006a0  000006a0  00000000  RWIX
  IQTABLES              003fdc30   00000b50  00000000  00000b50  RWIX
  IQTABLES2             003fe780   0000008c  00000000  0000008c  RWIX
  IQTABLES3             003fe80c   000000aa  00000000  000000aa  RWIX
  BOOTROM               003ff3b0   00000c10  00000000  00000c10  RWIX
  RESET                 003fffc0   00000002  00000000  00000002  RWIX
  VECTORS               003fffc2   0000003e  00000000  0000003e  RWIX

PAGE 1:
  RAMM0M1               00000002   000007fe  00000400  000003fe  RWIX
  DEV_EMU               00000880   00000105  00000004  00000101  RWIX
  SYS_PWR_CTL           00000985   00000003  00000003  00000000  RWIX
  FLASH_REGS            00000a80   00000060  00000008  00000058  RWIX
  CSM                   00000ae0   00000020  00000010  00000010  RWIX
  ADC_RESULT            00000b00   00000020  00000010  00000010  RWIX
  CPU_TIMER0            00000c00   00000008  00000008  00000000  RWIX
  CPU_TIMER1            00000c08   00000008  00000008  00000000  RWIX
  CPU_TIMER2            00000c10   00000008  00000008  00000000  RWIX
  PIE_CTRL              00000ce0   00000020  0000001a  00000006  RWIX
  PIE_VECT              00000d00   00000100  00000100  00000000  RWIX
  DMA                   00001000   00000200  000000e0  00000120  RWIX
  CLA1                  00001400   00000080  00000040  00000040  RWIX
  USB0                  00004000   00001000  00000454  00000bac  RWIX
  McBSPA                00005000   00000040  00000024  0000001c  RWIX
  ECANA                 00006000   00000040  00000034  0000000c  RWIX
  ECANA_LAM             00006040   00000040  00000040  00000000  RWIX
  ECANA_MOTS            00006080   00000040  00000040  00000000  RWIX
  ECANA_MOTO            000060c0   00000040  00000040  00000000  RWIX
  ECANA_MBOX            00006100   00000100  00000100  00000000  RWIX
  COMP1                 00006400   00000020  00000014  0000000c  RWIX
  COMP2                 00006420   00000020  00000014  0000000c  RWIX
  COMP3                 00006440   00000020  00000014  0000000c  RWIX
  EPWM1                 00006800   00000040  00000040  00000000  RWIX
  EPWM2                 00006840   00000040  00000040  00000000  RWIX
  EPWM3                 00006880   00000040  00000040  00000000  RWIX
  EPWM4                 000068c0   00000040  00000040  00000000  RWIX
  EPWM5                 00006900   00000040  00000040  00000000  RWIX
  EPWM6                 00006940   00000040  00000040  00000000  RWIX
  EPWM7                 00006980   00000040  00000040  00000000  RWIX
  EPWM8                 000069c0   00000040  00000040  00000000  RWIX
  ECAP1                 00006a00   00000020  00000020  00000000  RWIX
  ECAP2                 00006a20   00000020  00000020  00000000  RWIX
  ECAP3                 00006a40   00000020  00000020  00000000  RWIX
  HRCAP1                00006ac0   00000020  00000020  00000000  RWIX
  HRCAP2                00006ae0   00000020  00000020  00000000  RWIX
  EQEP1                 00006b00   00000040  00000022  0000001e  RWIX
  EQEP2                 00006b40   00000040  00000022  0000001e  RWIX
  HRCAP3                00006c80   00000020  00000020  00000000  RWIX
  HRCAP4                00006ca0   00000020  00000020  00000000  RWIX
  GPIOCTRL              00006f80   00000040  00000040  00000000  RWIX
  GPIODAT               00006fc0   00000020  00000020  00000000  RWIX
  GPIOINT               00006fe0   00000020  00000020  00000000  RWIX
  SYSTEM                00007010   00000030  00000030  00000000  RWIX
  SPIA                  00007040   00000010  00000010  00000000  RWIX
  SCIA                  00007050   00000010  00000010  00000000  RWIX
  NMIINTRUPT            00007060   00000010  00000010  00000000  RWIX
  XINTRUPT              00007070   00000010  00000010  00000000  RWIX
  ADC                   00007100   00000080  00000050  00000030  RWIX
  SPIB                  00007740   00000010  00000010  00000000  RWIX
  SCIB                  00007750   00000010  00000010  00000000  RWIX
  I2CA                  00007900   00000040  00000022  0000001e  RWIX
  DRAM                  0000e000   00006000  00000611  000059ef  RWIX
  PARTID                003d7e80   00000001  00000001  00000000  RWIX
  CSM_PWL               003f7ff8   00000008  00000008  00000000  RWIX


SECTION ALLOCATION MAP

 output                                  attributes/
section   page    origin      length       input sections
--------  ----  ----------  ----------   ----------------
DevEmuRegsFile 
*          1    00000880    00000004     UNINITIALIZED
                  00000880    00000004     F2806x_GlobalVariableDefs.obj (DevEmuRegsFile)

SysPwrCtrlRegsFile 
*          1    00000985    00000003     UNINITIALIZED
                  00000985    00000003     F2806x_GlobalVariableDefs.obj (SysPwrCtrlRegsFile)

FlashRegsFile 
*          1    00000a80    00000008     UNINITIALIZED
                  00000a80    00000008     F2806x_GlobalVariableDefs.obj (FlashRegsFile)

CsmRegsFile 
*          1    00000ae0    00000010     UNINITIALIZED
                  00000ae0    00000010     F2806x_GlobalVariableDefs.obj (CsmRegsFile)

AdcResultFile 
*          1    00000b00    00000010     UNINITIALIZED
                  00000b00    00000010     F2806x_GlobalVariableDefs.obj (AdcResultFile)

CpuTimer0RegsFile 
*          1    00000c00    00000008     UNINITIALIZED
                  00000c00    00000008     F2806x_GlobalVariableDefs.obj (CpuTimer0RegsFile)

CpuTimer1RegsFile 
*          1    00000c08    00000008     UNINITIALIZED
                  00000c08    00000008     F2806x_GlobalVariableDefs.obj (CpuTimer1RegsFile)

CpuTimer2RegsFile 
*          1    00000c10    00000008     UNINITIALIZED
                  00000c10    00000008     F2806x_GlobalVariableDefs.obj (CpuTimer2RegsFile)

PieCtrlRegsFile 
*          1    00000ce0    0000001a     UNINITIALIZED
                  00000ce0    0000001a     F2806x_GlobalVariableDefs.obj (PieCtrlRegsFile)

PieVectTableFile 
*          1    00000d00    00000100     UNINITIALIZED
                  00000d00    00000100     F2806x_GlobalVariableDefs.obj (PieVectTableFile)

EmuKeyVar 
*          1    00000d00    00000001     UNINITIALIZED
                  00000d00    00000001     F2806x_GlobalVariableDefs.obj (EmuKeyVar)

EmuBModeVar 
*          1    00000d01    00000001     UNINITIALIZED
                  00000d01    00000001     F2806x_GlobalVariableDefs.obj (EmuBModeVar)

FlashCallbackVar 
*          1    00000d02    00000002     UNINITIALIZED
                  00000d02    00000002     F2806x_GlobalVariableDefs.obj (FlashCallbackVar)

FlashScalingVar 
*          1    00000d04    00000002     UNINITIALIZED
                  00000d04    00000002     F2806x_GlobalVariableDefs.obj (FlashScalingVar)

DmaRegsFile 
*          1    00001000    000000e0     UNINITIALIZED
                  00001000    000000e0     F2806x_GlobalVariableDefs.obj (DmaRegsFile)

Cla1RegsFile 
*          1    00001400    00000040     UNINITIALIZED
                  00001400    00000040     F2806x_GlobalVariableDefs.obj (Cla1RegsFile)

Usb0RegsFile 
*          1    00004000    00000454     UNINITIALIZED
                  00004000    00000454     F2806x_GlobalVariableDefs.obj (Usb0RegsFile)

McbspaRegsFile 
*          1    00005000    00000024     UNINITIALIZED
                  00005000    00000024     F2806x_GlobalVariableDefs.obj (McbspaRegsFile)

ECanaRegsFile 
*          1    00006000    00000034     UNINITIALIZED
                  00006000    00000034     F2806x_GlobalVariableDefs.obj (ECanaRegsFile)

ECanaLAMRegsFile 
*          1    00006040    00000040     UNINITIALIZED
                  00006040    00000040     F2806x_GlobalVariableDefs.obj (ECanaLAMRegsFile)

ECanaMOTSRegsFile 
*          1    00006080    00000040     UNINITIALIZED
                  00006080    00000040     F2806x_GlobalVariableDefs.obj (ECanaMOTSRegsFile)

ECanaMOTORegsFile 
*          1    000060c0    00000040     UNINITIALIZED
                  000060c0    00000040     F2806x_GlobalVariableDefs.obj (ECanaMOTORegsFile)

ECanaMboxesFile 
*          1    00006100    00000100     UNINITIALIZED
                  00006100    00000100     F2806x_GlobalVariableDefs.obj (ECanaMboxesFile)

Comp1RegsFile 
*          1    00006400    00000014     UNINITIALIZED
                  00006400    00000014     F2806x_GlobalVariableDefs.obj (Comp1RegsFile)

Comp2RegsFile 
*          1    00006420    00000014     UNINITIALIZED
                  00006420    00000014     F2806x_GlobalVariableDefs.obj (Comp2RegsFile)

Comp3RegsFile 
*          1    00006440    00000014     UNINITIALIZED
                  00006440    00000014     F2806x_GlobalVariableDefs.obj (Comp3RegsFile)

EPwm1RegsFile 
*          1    00006800    00000040     UNINITIALIZED
                  00006800    00000040     F2806x_GlobalVariableDefs.obj (EPwm1RegsFile)

EPwm2RegsFile 
*          1    00006840    00000040     UNINITIALIZED
                  00006840    00000040     F2806x_GlobalVariableDefs.obj (EPwm2RegsFile)

EPwm3RegsFile 
*          1    00006880    00000040     UNINITIALIZED
                  00006880    00000040     F2806x_GlobalVariableDefs.obj (EPwm3RegsFile)

EPwm4RegsFile 
*          1    000068c0    00000040     UNINITIALIZED
                  000068c0    00000040     F2806x_GlobalVariableDefs.obj (EPwm4RegsFile)

EPwm5RegsFile 
*          1    00006900    00000040     UNINITIALIZED
                  00006900    00000040     F2806x_GlobalVariableDefs.obj (EPwm5RegsFile)

EPwm6RegsFile 
*          1    00006940    00000040     UNINITIALIZED
                  00006940    00000040     F2806x_GlobalVariableDefs.obj (EPwm6RegsFile)

EPwm7RegsFile 
*          1    00006980    00000040     UNINITIALIZED
                  00006980    00000040     F2806x_GlobalVariableDefs.obj (EPwm7RegsFile)

EPwm8RegsFile 
*          1    000069c0    00000040     UNINITIALIZED
                  000069c0    00000040     F2806x_GlobalVariableDefs.obj (EPwm8RegsFile)

ECap1RegsFile 
*          1    00006a00    00000020     UNINITIALIZED
                  00006a00    00000020     F2806x_GlobalVariableDefs.obj (ECap1RegsFile)

ECap2RegsFile 
*          1    00006a20    00000020     UNINITIALIZED
                  00006a20    00000020     F2806x_GlobalVariableDefs.obj (ECap2RegsFile)

ECap3RegsFile 
*          1    00006a40    00000020     UNINITIALIZED
                  00006a40    00000020     F2806x_GlobalVariableDefs.obj (ECap3RegsFile)

HRCap1RegsFile 
*          1    00006ac0    00000020     UNINITIALIZED
                  00006ac0    00000020     F2806x_GlobalVariableDefs.obj (HRCap1RegsFile)

HRCap2RegsFile 
*          1    00006ae0    00000020     UNINITIALIZED
                  00006ae0    00000020     F2806x_GlobalVariableDefs.obj (HRCap2RegsFile)

EQep1RegsFile 
*          1    00006b00    00000022     UNINITIALIZED
                  00006b00    00000022     F2806x_GlobalVariableDefs.obj (EQep1RegsFile)

EQep2RegsFile 
*          1    00006b40    00000022     UNINITIALIZED
                  00006b40    00000022     F2806x_GlobalVariableDefs.obj (EQep2RegsFile)

HRCap3RegsFile 
*          1    00006c80    00000020     UNINITIALIZED
                  00006c80    00000020     F2806x_GlobalVariableDefs.obj (HRCap3RegsFile)

HRCap4RegsFile 
*          1    00006ca0    00000020     UNINITIALIZED
                  00006ca0    00000020     F2806x_GlobalVariableDefs.obj (HRCap4RegsFile)

GpioCtrlRegsFile 
*          1    00006f80    00000040     UNINITIALIZED
                  00006f80    00000040     F2806x_GlobalVariableDefs.obj (GpioCtrlRegsFile)

GpioDataRegsFile 
*          1    00006fc0    00000020     UNINITIALIZED
                  00006fc0    00000020     F2806x_GlobalVariableDefs.obj (GpioDataRegsFile)

GpioIntRegsFile 
*          1    00006fe0    00000020     UNINITIALIZED
                  00006fe0    00000020     F2806x_GlobalVariableDefs.obj (GpioIntRegsFile)

SysCtrlRegsFile 
*          1    00007010    00000030     UNINITIALIZED
                  00007010    00000030     F2806x_GlobalVariableDefs.obj (SysCtrlRegsFile)

SpiaRegsFile 
*          1    00007040    00000010     UNINITIALIZED
                  00007040    00000010     F2806x_GlobalVariableDefs.obj (SpiaRegsFile)

SciaRegsFile 
*          1    00007050    00000010     UNINITIALIZED
                  00007050    00000010     F2806x_GlobalVariableDefs.obj (SciaRegsFile)

NmiIntruptRegsFile 
*          1    00007060    00000010     UNINITIALIZED
                  00007060    00000010     F2806x_GlobalVariableDefs.obj (NmiIntruptRegsFile)

XIntruptRegsFile 
*          1    00007070    00000010     UNINITIALIZED
                  00007070    00000010     F2806x_GlobalVariableDefs.obj (XIntruptRegsFile)

AdcRegsFile 
*          1    00007100    00000050     UNINITIALIZED
                  00007100    00000050     F2806x_GlobalVariableDefs.obj (AdcRegsFile)

SpibRegsFile 
*          1    00007740    00000010     UNINITIALIZED
                  00007740    00000010     F2806x_GlobalVariableDefs.obj (SpibRegsFile)

ScibRegsFile 
*          1    00007750    00000010     UNINITIALIZED
                  00007750    00000010     F2806x_GlobalVariableDefs.obj (ScibRegsFile)

I2caRegsFile 
*          1    00007900    00000022     UNINITIALIZED
                  00007900    00000022     F2806x_GlobalVariableDefs.obj (I2caRegsFile)

PartIdRegsFile 
*          1    003d7e80    00000001     UNINITIALIZED
                  003d7e80    00000001     F2806x_GlobalVariableDefs.obj (PartIdRegsFile)

CsmPwlFile 
*          1    003f7ff8    00000008     UNINITIALIZED
                  003f7ff8    00000008     F2806x_GlobalVariableDefs.obj (CsmPwlFile)

.text      0    003d8000    00002822     
                  003d8000    00001115     iPMSM_F28069M.obj (.text)
                  003d9115    00000527     MW_c2000ISR.obj (.text)
                  003d963c    0000039b     F2806x_DefaultIsr.obj (.text:retain)
                  003d99d7    000001e2     F2806x_Adc.obj (.text)
                  003d9bb9    0000018e     F2806x_SysCtrl.obj (.text)
                  003d9d47    00000168     DSP28xx_SciUtil.obj (.text)
                  003d9eaf    0000012d     iPMSM_F28069M.obj (.text:retain)
                  003d9fdc    000000fc     MW_c28xGPIO.obj (.text)
                  003da0d8    000000bd     MW_c28xSPI.obj (.text)
                  003da195    0000007d     MW_SPI.obj (.text)
                  003da212    0000007c     ert_main.obj (.text)
                  003da28e    00000073     MW_c28xx_adc.obj (.text)
                  003da301    00000064     rt_nonfinite.obj (.text)
                  003da365    0000005e     MW_c28xx_csl.obj (.text)
                  003da3c3    00000059     rts2800_fpu32.lib : s_floorf.c.obj (.text)
                  003da41c    00000058     F2806x_CpuTimers.obj (.text)
                  003da474    00000056     rts2800_fpu32.lib : boot28.asm.obj (.text)
                  003da4ca    0000004f     rts2800_fpu32_fast_supplement.lib : atan2_f32.obj (.text)
                  003da519    0000004a                                       : atan_f32.obj (.text)
                  003da563    00000046     MW_c28xx_board.obj (.text)
                  003da5a9    00000044     c2806xSchedulerTimer0.obj (.text:retain)
                  003da5ed    00000042     c2806xSchedulerTimer0.obj (.text)
                  003da62f    00000034     rts2800_fpu32_fast_supplement.lib : cos_f32.obj (.text)
                  003da663    00000034                                       : sin_f32.obj (.text)
                  003da697    00000029     MW_c28xx_pwm.obj (.text)
                  003da6c0    00000029     rts2800_fpu32.lib : exit.c.obj (.text)
                  003da6e9    00000028     F2806x_PieCtrl.obj (.text)
                  003da711    00000024     rts2800_fpu32.lib : cpy_tbl.c.obj (.text)
                  003da735    00000021     rts2800_fpu32_fast_supplement.lib : sqrt_f32.obj (.text)
                  003da756    0000001e     c2806xBoard_Realtime_Support.obj (.text)
                  003da774    0000001d     rts2800_fpu32.lib : memcpy.c.obj (.text)
                  003da791    00000019     rts2800_fpu32_fast_supplement.lib : div_f32.obj (.text)
                  003da7aa    00000018     rtGetInf.obj (.text)
                  003da7c2    00000014     MW_c28xGlobalInterrupts.obj (.text)
                  003da7d6    00000012     rts2800_fpu32.lib : args_main.c.obj (.text)
                  003da7e8    00000011     F2806x_PieVect.obj (.text)
                  003da7f9    0000000c     rtGetNaN.obj (.text)
                  003da805    00000009     rts2800_fpu32.lib : _lock.c.obj (.text)
                  003da80e    00000008     F2806x_CodeStartBranch.obj (.text)
                  003da816    00000007     rts2800_fpu32.lib : memset.c.obj (.text)
                  003da81d    00000002     blapp_support.obj (.text)
                  003da81f    00000002     rts2800_fpu32.lib : pre_init.c.obj (.text)
                  003da821    00000001                       : startup.c.obj (.text)

.bss       1    0000e000    00000000     UNINITIALIZED

.ebss      1    0000e000    00000611     UNINITIALIZED
                  0000e000    000005b4     iPMSM_F28069M.obj (.ebss)
                  0000e5b4    0000000c     rt_nonfinite.obj (.ebss)
                  0000e5c0    00000018     F2806x_CpuTimers.obj (.ebss)
                  0000e5d8    00000018     MW_c28xSPI.obj (.ebss:_mySpi)
                  0000e5f0    00000006     rts2800_fpu32.lib : exit.c.obj (.ebss)
                  0000e5f6    00000004     DSP28xx_SciUtil.obj (.ebss)
                  0000e5fa    00000004     iPMSM_F28069M.obj (.ebss:_Iab_fb_PU)
                  0000e5fe    00000002     iPMSM_F28069M.obj (.ebss:_Iab_ADC_u16)
                  0000e600    00000004     MW_c28xSPI.obj (.ebss:_SPI_oneTimeInit)
                  0000e604    00000003     ert_main.obj (.ebss)
                  0000e607    00000001     MW_c28xGPIO.obj (.ebss)
                  0000e608    00000002     rts2800_fpu32.lib : _lock.c.obj (.ebss:__lock)
                  0000e60a    00000002                       : _lock.c.obj (.ebss:__unlock)
                  0000e60c    00000002     ert_main.obj (.ebss:_isRateRunning)
                  0000e60e    00000002     ert_main.obj (.ebss:_need2runFlags)
                  0000e610    00000001     MW_c28xGlobalInterrupts.obj (.ebss)

.cinit     0    003db8db    0000003b     
                  003db8db    0000000e     rts2800_fpu32.lib : exit.c.obj (.cinit)
                  003db8e9    00000007     MW_c28xSPI.obj (.cinit:_SPI_oneTimeInit)
                  003db8f0    00000005     rts2800_fpu32.lib : _lock.c.obj (.cinit:__lock)
                  003db8f5    00000005                       : _lock.c.obj (.cinit:__unlock)
                  003db8fa    00000005     ert_main.obj (.cinit:_isRateRunning)
                  003db8ff    00000005     ert_main.obj (.cinit:_need2runFlags)
                  003db904    00000004     MW_c28xGPIO.obj (.cinit)
                  003db908    00000004     MW_c28xGlobalInterrupts.obj (.cinit)
                  003db90c    00000004     ert_main.obj (.cinit)
                  003db910    00000004     iPMSM_F28069M.obj (.cinit)
                  003db914    00000002     --HOLE-- [fill = 0]

.pinit     0    003d8000    00000000     UNINITIALIZED

.econst    0    003da822    000008d9     
                  003da822    000007d4     iPMSM_F28069M_data.obj (.econst:_iPMSM_F28069M_ConstP)
                  003daff6    00000100     F2806x_PieVect.obj (.econst:_PieVectTableInit)
                  003db0f6    00000002     iPMSM_F28069M.obj (.econst)
                  003db0f8    00000002     rts2800_fpu32.lib : s_floorf.c.obj (.econst)
                  003db0fa    00000001     iPMSM_F28069M_data.obj (.econst:_iPMSM_F28069M_ConstB)

.reset     0    003fffc0    00000002     DSECT
                  003fffc0    00000002     rts2800_fpu32.lib : boot28.asm.obj (.reset)

.data      1    0000e000    00000000     UNINITIALIZED

.stack     1    00000002    00000400     UNINITIALIZED
                  00000002    00000400     --HOLE--

codestart 
*          0    003f7ff6    00000002     
                  003f7ff6    00000002     F2806x_CodeStartBranch.obj (codestart)

ramfuncs   0    003db0fb    000007e0     RUN ADDR = 00008000
                  003db0fb    000007bf     iPMSM_F28069M.obj (ramfuncs)
                  003db8ba    0000001d     F2806x_SysCtrl.obj (ramfuncs)
                  003db8d7    00000004     F2806x_usDelay.obj (ramfuncs)

FPUmathTables 
*          0    003fd590    000006a0     NOLOAD SECTION
                  003fd590    000006a0     rts2800_fpu32_fast_supplement.lib : FPUmathTables.obj (FPUmathTables)

MODULE SUMMARY

       Module                             code    initialized data   uninitialized data
       ------                             ----    ----------------   ------------------
    <current directory>
       iPMSM_F28069M.obj                  8640    6                  1466              
       F2806x_GlobalVariableDefs.obj      0       0                  3550              
       iPMSM_F28069M_data.obj             0       2005               0                 
       MW_c2000ISR.obj                    1319    0                  0                 
       F2806x_DefaultIsr.obj              923     0                  0                 
       F2806x_Adc.obj                     482     0                  0                 
       F2806x_SysCtrl.obj                 456     0                  0                 
       DSP28xx_SciUtil.obj                360     0                  4                 
       F2806x_PieVect.obj                 17      256                0                 
       MW_c28xGPIO.obj                    252     4                  1                 
       MW_c28xSPI.obj                     189     7                  28                
       ert_main.obj                       124     14                 7                 
       c2806xSchedulerTimer0.obj          134     0                  0                 
       MW_SPI.obj                         125     0                  0                 
       MW_c28xx_adc.obj                   115     0                  0                 
       F2806x_CpuTimers.obj               88      0                  24                
       rt_nonfinite.obj                   100     0                  12                
       MW_c28xx_csl.obj                   94      0                  0                 
       MW_c28xx_board.obj                 70      0                  0                 
       MW_c28xx_pwm.obj                   41      0                  0                 
       F2806x_PieCtrl.obj                 40      0                  0                 
       c2806xBoard_Realtime_Support.obj   30      0                  0                 
       MW_c28xGlobalInterrupts.obj        20      4                  1                 
       rtGetInf.obj                       24      0                  0                 
       rtGetNaN.obj                       12      0                  0                 
       F2806x_CodeStartBranch.obj         10      0                  0                 
       F2806x_usDelay.obj                 8       0                  0                 
       blapp_support.obj                  2       0                  0                 
    +--+----------------------------------+-------+------------------+--------------------+
       Total:                             13675   2296               5093              
                                                                                       
    C:/ProgramData/MATLAB/SupportPackages/3P.instrset/tic28xcodegentools.instrset/ti-cgt-c2000_20.2.1.LTS/lib/rts2800_fpu32.lib
       s_floorf.c.obj                     89      2                  0                 
       boot28.asm.obj                     86      0                  0                 
       exit.c.obj                         41      14                 6                 
       cpy_tbl.c.obj                      36      0                  0                 
       memcpy.c.obj                       29      0                  0                 
       _lock.c.obj                        9       10                 4                 
       args_main.c.obj                    18      0                  0                 
       memset.c.obj                       7       0                  0                 
       pre_init.c.obj                     2       0                  0                 
       startup.c.obj                      1       0                  0                 
    +--+----------------------------------+-------+------------------+--------------------+
       Total:                             318     26                 10                
                                                                                       
    C:/ti/controlSUITE/libs/math/FPUfastRTS/V100/lib/rts2800_fpu32_fast_supplement.lib
       FPUmathTables.obj                  0       1696               0                 
       atan2_f32.obj                      79      0                  0                 
       atan_f32.obj                       74      0                  0                 
       cos_f32.obj                        52      0                  0                 
       sin_f32.obj                        52      0                  0                 
       sqrt_f32.obj                       33      0                  0                 
       div_f32.obj                        25      0                  0                 
    +--+----------------------------------+-------+------------------+--------------------+
       Total:                             315     1696               0                 
                                                                                       
       Stack:                             0       0                  1024              
    +--+----------------------------------+-------+------------------+--------------------+
       Grand Total:                       14308   4018               6127              


GLOBAL DATA SYMBOLS: SORTED BY DATA PAGE

address     data page           name
--------    ----------------    ----
00000002       0 (00000000)     __stack

00000880      22 (00000880)     _DevEmuRegs

00000985      26 (00000980)     _SysPwrCtrlRegs

00000a80      2a (00000a80)     _FlashRegs

00000ae0      2b (00000ac0)     _CsmRegs

00000b00      2c (00000b00)     _AdcResult

00000c00      30 (00000c00)     _CpuTimer0Regs
00000c08      30 (00000c00)     _CpuTimer1Regs
00000c10      30 (00000c00)     _CpuTimer2Regs

00000ce0      33 (00000cc0)     _PieCtrlRegs

00000d00      34 (00000d00)     _EmuKey
00000d00      34 (00000d00)     _PieVectTable
00000d01      34 (00000d00)     _EmuBMode
00000d02      34 (00000d00)     _Flash_CallbackPtr
00000d04      34 (00000d00)     _Flash_CPUScaleFactor

00001000      40 (00001000)     _DmaRegs

00001400      50 (00001400)     _Cla1Regs

00004000     100 (00004000)     _Usb0Regs

00005000     140 (00005000)     _McbspaRegs

00006000     180 (00006000)     _ECanaRegs

00006040     181 (00006040)     _ECanaLAMRegs

00006080     182 (00006080)     _ECanaMOTSRegs

000060c0     183 (000060c0)     _ECanaMOTORegs

00006100     184 (00006100)     _ECanaMboxes

00006400     190 (00006400)     _Comp1Regs
00006420     190 (00006400)     _Comp2Regs

00006440     191 (00006440)     _Comp3Regs

00006800     1a0 (00006800)     _EPwm1Regs

00006840     1a1 (00006840)     _EPwm2Regs

00006880     1a2 (00006880)     _EPwm3Regs

000068c0     1a3 (000068c0)     _EPwm4Regs

00006900     1a4 (00006900)     _EPwm5Regs

00006940     1a5 (00006940)     _EPwm6Regs

00006980     1a6 (00006980)     _EPwm7Regs

000069c0     1a7 (000069c0)     _EPwm8Regs

00006a00     1a8 (00006a00)     _ECap1Regs
00006a20     1a8 (00006a00)     _ECap2Regs

00006a40     1a9 (00006a40)     _ECap3Regs

00006ac0     1ab (00006ac0)     _HRCap1Regs
00006ae0     1ab (00006ac0)     _HRCap2Regs

00006b00     1ac (00006b00)     _EQep1Regs

00006b40     1ad (00006b40)     _EQep2Regs

00006c80     1b2 (00006c80)     _HRCap3Regs
00006ca0     1b2 (00006c80)     _HRCap4Regs

00006f80     1be (00006f80)     _GpioCtrlRegs

00006fc0     1bf (00006fc0)     _GpioDataRegs
00006fe0     1bf (00006fc0)     _GpioIntRegs

00007010     1c0 (00007000)     _SysCtrlRegs

00007040     1c1 (00007040)     _SpiaRegs
00007050     1c1 (00007040)     _SciaRegs
00007060     1c1 (00007040)     _NmiIntruptRegs
00007070     1c1 (00007040)     _XIntruptRegs

00007100     1c4 (00007100)     _AdcRegs

00007740     1dd (00007740)     _SpibRegs
00007750     1dd (00007740)     _ScibRegs

00007900     1e4 (00007900)     _I2caRegs

0000e000     380 (0000e000)     _MW_adcInitFlag
0000e006     380 (0000e000)     _iPMSM_F28069M_PrevZCSigState

0000e040     381 (0000e040)     _iPMSM_F28069M_DWork

0000e140     385 (0000e140)     _iPMSM_F28069M_B

0000e5b4     396 (0000e580)     _rtInf
0000e5b6     396 (0000e580)     _rtMinusInf
0000e5b8     396 (0000e580)     _rtNaN
0000e5ba     396 (0000e580)     _rtInfF
0000e5bc     396 (0000e580)     _rtMinusInfF
0000e5be     396 (0000e580)     _rtNaNF

0000e5c0     397 (0000e5c0)     _CpuTimer0
0000e5c8     397 (0000e5c0)     _CpuTimer1
0000e5d0     397 (0000e5c0)     _CpuTimer2
0000e5d8     397 (0000e5c0)     _mySpi
0000e5f0     397 (0000e5c0)     ___TI_enable_exit_profile_output
0000e5f2     397 (0000e5c0)     ___TI_cleanup_ptr
0000e5f4     397 (0000e5c0)     ___TI_dtors_ptr
0000e5f6     397 (0000e5c0)     _checkSCITransmitInProgressA
0000e5f7     397 (0000e5c0)     _frameA1Transmitted
0000e5f8     397 (0000e5c0)     _frameA1Count
0000e5fa     397 (0000e5c0)     _Iab_fb_PU
0000e5fe     397 (0000e5c0)     _Iab_ADC_u16

0000e600     398 (0000e600)     _SPI_oneTimeInit
0000e604     398 (0000e600)     _IsrOverrun
0000e605     398 (0000e600)     _stopRequested
0000e606     398 (0000e600)     _runModel
0000e607     398 (0000e600)     _GPIO_oneTimeInit
0000e608     398 (0000e600)     __lock
0000e60a     398 (0000e600)     __unlock
0000e60c     398 (0000e600)     _isRateRunning
0000e60e     398 (0000e600)     _need2runFlags
0000e610     398 (0000e600)     _MW_InterruptDisableLock

003d7e80    f5fa (003d7e80)     _PartIdRegs

003da822    f6a0 (003da800)     _iPMSM_F28069M_ConstP

003daff6    f6bf (003dafc0)     _PieVectTableInit

003db0f6    f6c3 (003db0c0)     _iPMSM_F28069M_M
003db0fa    f6c3 (003db0c0)     _iPMSM_F28069M_ConstB

003f7ff8    fdff (003f7fc0)     _CsmPwl

003fd590    ff56 (003fd580)     _FPUsinTable

003fd690    ff5a (003fd680)     _FPUcosTable

003fd990    ff66 (003fd980)     _FPUsinTableEnd

003fda92    ff6a (003fda80)     _FPUatan2HalfPITable
003fda92    ff6a (003fda80)     _FPUcosTableEnd
003fda96    ff6a (003fda80)     _FPUatan2Table

003fdc1c    ff70 (003fdc00)     _FPUatan2TableEnd


GLOBAL SYMBOLS: SORTED ALPHABETICALLY BY Name 

page  address   name                                   
----  -------   ----                                   
1     0000e000  .bss                                   
1     0000e000  .data                                  
0     003d8000  .text                                  
0     003da6c0  C$$EXIT                                
0     003da791  FS$$DIV                                
0     003d9f71  _ADCINT1                               
0     003d99cd  _ADCINT1_ISR                           
0     003d99c3  _ADCINT2_ISR                           
0     003d99b9  _ADCINT3_ISR                           
0     003d99af  _ADCINT4_ISR                           
0     003d99a5  _ADCINT5_ISR                           
0     003d999b  _ADCINT6_ISR                           
0     003d9991  _ADCINT7_ISR                           
0     003d9987  _ADCINT8_ISR                           
0     003d997d  _ADCINT9_ISR                           
0     003d9a28  _AdcChanSelect                         
0     003d9a80  _AdcConversion                         
0     003d9b94  _AdcOffsetSelfCal                      
1     00007100  _AdcRegs                               
1     00000b00  _AdcResult                             
0     003d9973  _CLA1_INT1_ISR                         
0     003d9969  _CLA1_INT2_ISR                         
0     003d995f  _CLA1_INT3_ISR                         
0     003d9955  _CLA1_INT4_ISR                         
0     003d994b  _CLA1_INT5_ISR                         
0     003d9941  _CLA1_INT6_ISR                         
0     003d9937  _CLA1_INT7_ISR                         
0     003d992d  _CLA1_INT8_ISR                         
1     00001400  _Cla1Regs                              
1     00006400  _Comp1Regs                             
1     00006420  _Comp2Regs                             
1     00006440  _Comp3Regs                             
0     003da451  _ConfigCpuTimer                        
1     0000e5c0  _CpuTimer0                             
1     00000c00  _CpuTimer0Regs                         
1     0000e5c8  _CpuTimer1                             
1     00000c08  _CpuTimer1Regs                         
1     0000e5d0  _CpuTimer2                             
1     00000c10  _CpuTimer2Regs                         
1     003f7ff8  _CsmPwl                                
1     00000ae0  _CsmRegs                               
0     003d9d19  _CsmUnlock                             
0     003d9923  _DATALOG_ISR                           
0     003d9919  _DINTCH1_ISR                           
0     003d990f  _DINTCH2_ISR                           
0     003d9905  _DINTCH3_ISR                           
0     003d98fb  _DINTCH4_ISR                           
0     003d98f1  _DINTCH5_ISR                           
0     003d98e7  _DINTCH6_ISR                           
0     000087dc  _DSP28x_usDelay                        
1     00000880  _DevEmuRegs                            
0     003d9c03  _DisableDog                            
1     00001000  _DmaRegs                               
0     003d98dd  _ECAN0INTA_ISR                         
0     003d98d3  _ECAN1INTA_ISR                         
0     003d98c9  _ECAP1_INT_ISR                         
0     003d98bf  _ECAP2_INT_ISR                         
0     003d98b5  _ECAP3_INT_ISR                         
1     00006040  _ECanaLAMRegs                          
1     000060c0  _ECanaMOTORegs                         
1     00006080  _ECanaMOTSRegs                         
1     00006100  _ECanaMboxes                           
1     00006000  _ECanaRegs                             
1     00006a00  _ECap1Regs                             
1     00006a20  _ECap2Regs                             
1     00006a40  _ECap3Regs                             
0     003d98a8  _EMPTY_ISR                             
0     003d989e  _EMUINT_ISR                            
0     003d9894  _EPWM1_INT_ISR                         
0     003d988a  _EPWM1_TZINT_ISR                       
0     003d9880  _EPWM2_INT_ISR                         
0     003d9876  _EPWM2_TZINT_ISR                       
0     003d986c  _EPWM3_INT_ISR                         
0     003d9862  _EPWM3_TZINT_ISR                       
0     003d9858  _EPWM4_INT_ISR                         
0     003d984e  _EPWM4_TZINT_ISR                       
0     003d9844  _EPWM5_INT_ISR                         
0     003d983a  _EPWM5_TZINT_ISR                       
0     003d9830  _EPWM6_INT_ISR                         
0     003d9826  _EPWM6_TZINT_ISR                       
0     003d981c  _EPWM7_INT_ISR                         
0     003d9812  _EPWM7_TZINT_ISR                       
0     003d9808  _EPWM8_INT_ISR                         
0     003d97fe  _EPWM8_TZINT_ISR                       
1     00006800  _EPwm1Regs                             
1     00006840  _EPwm2Regs                             
1     00006880  _EPwm3Regs                             
1     000068c0  _EPwm4Regs                             
1     00006900  _EPwm5Regs                             
1     00006940  _EPwm6Regs                             
1     00006980  _EPwm7Regs                             
1     000069c0  _EPwm8Regs                             
0     003d97f4  _EQEP1_INT_ISR                         
0     003d97ea  _EQEP2_INT_ISR                         
1     00006b00  _EQep1Regs                             
1     00006b40  _EQep2Regs                             
1     00000d01  _EmuBMode                              
1     00000d00  _EmuKey                                
0     003da708  _EnableInterrupts                      
0     003d9d01  _ExtOscSel                             
0     003fda92  _FPUatan2HalfPITable                   
0     003fda96  _FPUatan2Table                         
0     003fdc1c  _FPUatan2TableEnd                      
0     003fd690  _FPUcosTable                           
0     003fda92  _FPUcosTableEnd                        
0     003fd590  _FPUsinTable                           
0     003fd990  _FPUsinTableEnd                        
1     00000a80  _FlashRegs                             
1     00000d04  _Flash_CPUScaleFactor                  
1     00000d02  _Flash_CallbackPtr                     
0     003da0c4  _GPIO_ReadPin                          
0     003d9fdc  _GPIO_SetupPinMux                      
0     003da003  _GPIO_SetupPinOptions                  
0     003da0b0  _GPIO_TogglePin                        
0     003da096  _GPIO_WritePin                         
1     0000e607  _GPIO_oneTimeInit                      
1     00006f80  _GpioCtrlRegs                          
1     00006fc0  _GpioDataRegs                          
1     00006fe0  _GpioIntRegs                           
0     003d97e0  _HRCAP1_INT_ISR                        
0     003d97d6  _HRCAP2_INT_ISR                        
0     003d97cc  _HRCAP3_INT_ISR                        
0     003d97c2  _HRCAP4_INT_ISR                        
1     00006ac0  _HRCap1Regs                            
1     00006ae0  _HRCap2Regs                            
1     00006c80  _HRCap3Regs                            
1     00006ca0  _HRCap4Regs                            
0     003d9624  _HWI_TIC28x_AcknowledgeIrq             
0     003d9618  _HWI_TIC28x_ConfigureIRQ               
0     003d944a  _HWI_TIC28x_DisableIRQ                 
0     003d9296  _HWI_TIC28x_EnableIRQ                  
0     003d9115  _HWI_TIC28x_EnablePendingIRQ           
0     003d97b8  _I2CINT1A_ISR                          
0     003d97ae  _I2CINT2A_ISR                          
1     00007900  _I2caRegs                              
0     003d97a4  _ILLEGAL_ISR                           
0     003d979a  _INT13_ISR                             
0     003d9790  _INT14_ISR                             
1     0000e5fe  _Iab_ADC_u16                           
1     0000e5fa  _Iab_fb_PU                             
0     003d99fd  _InitAdc                               
0     003d99d7  _InitAdcAio                            
0     003da41c  _InitCpuTimers                         
0     000087bf  _InitFlash                             
0     003da079  _InitGpio                              
0     003d9c5d  _InitPeripheralClocks                  
0     003da6e9  _InitPieCtrl                           
0     003da7e8  _InitPieVectTable                      
0     003d9c0b  _InitPll                               
0     003d9cd4  _InitPll2                              
0     003d9cbc  _InitSysCtrl                           
0     003d9bf3  _IntOsc1Sel                            
0     003d9bdf  _IntOsc2Sel                            
1     0000e604  _IsrOverrun                            
0     003d9786  _LUF_ISR                               
0     003d977c  _LVF_ISR                               
0     003d9772  _MRINTA_ISR                            
1     0000e610  _MW_InterruptDisableLock               
0     003da211  _MW_SPI_Close                          
0     003da20f  _MW_SPI_GetStatus                      
0     003da1e3  _MW_SPI_MasterWriteRead_8bits          
0     003da1cb  _MW_SPI_Open                           
0     003da1c9  _MW_SPI_SetBusSpeed                    
0     003da199  _MW_SPI_SetFormat                      
0     003da197  _MW_SPI_SetSlaveSelect                 
0     003da195  _MW_SPI_SlaveWriteRead_8bits           
1     0000e000  _MW_adcInitFlag                        
0     003d9768  _MXINTA_ISR                            
1     00005000  _McbspaRegs                            
0     003d975e  _NMI_ISR                               
1     00007060  _NmiIntruptRegs                        
0     003da073  _OneTimeGpioInit                       
0     003d9754  _PIE_RESERVED                          
1     003d7e80  _PartIdRegs                            
1     00000ce0  _PieCtrlRegs                           
1     00000d00  _PieVectTable                          
0     003daff6  _PieVectTableInit                      
0     003d974a  _RTOSINT_ISR                           
0     003db8db  _RamfuncsLoadEnd                       
0     003db0fb  _RamfuncsLoadStart                     
0     00008000  _RamfuncsRunStart                      
0     003d9eaf  _SCIRXINTA                             
0     003d9740  _SCIRXINTA_ISR                         
0     003d9736  _SCIRXINTB_ISR                         
0     003d972c  _SCITXINTA_ISR                         
0     003d9722  _SCITXINTB_ISR                         
0     003d9718  _SPIRXINTA_ISR                         
0     003d970e  _SPIRXINTB_ISR                         
0     003d9704  _SPITXINTA_ISR                         
0     003d96fa  _SPITXINTB_ISR                         
0     003da180  _SPI_clockFormat                       
0     003da106  _SPI_init                              
1     0000e600  _SPI_oneTimeInit                       
0     003da0d8  _SPI_status                            
0     003d8266  _SVC_Calc                              
0     003d804e  _SVC_Calc_Init                         
1     00007050  _SciaRegs                              
1     00007750  _ScibRegs                              
0     003d9bd5  _ServiceDog                            
0     003da068  _Set_GPIOPin                           
1     00007040  _SpiaRegs                              
1     00007740  _SpibRegs                              
1     00007010  _SysCtrlRegs                           
1     00000985  _SysPwrCtrlRegs                        
0     003d96f0  _TINT0_ISR                             
0     003da5a9  _TINT0_isr                             
0     003d96e6  _USB0_INT_ISR                          
0     003d96dc  _USER10_ISR                            
0     003d96d2  _USER11_ISR                            
0     003d96c8  _USER12_ISR                            
0     003d96be  _USER1_ISR                             
0     003d96b4  _USER2_ISR                             
0     003d96aa  _USER3_ISR                             
0     003d96a0  _USER4_ISR                             
0     003d9696  _USER5_ISR                             
0     003d968c  _USER6_ISR                             
0     003d9682  _USER7_ISR                             
0     003d9678  _USER8_ISR                             
0     003d966e  _USER9_ISR                             
1     00004000  _Usb0Regs                              
0     003d9664  _WAKEINT_ISR                           
0     003d965a  _XINT1_ISR                             
0     003d9650  _XINT2_ISR                             
0     003d9646  _XINT3_ISR                             
1     00007070  _XIntruptRegs                          
0     003d9bb9  _XtalOscSel                            
1     00000402  __STACK_END                            
abs   00000400  __STACK_SIZE                           
1     0000e5f2  ___TI_cleanup_ptr                      
1     0000e5f4  ___TI_dtors_ptr                        
1     0000e5f0  ___TI_enable_exit_profile_output       
abs   ffffffff  ___TI_pprof_out_hndl                   
abs   ffffffff  ___TI_prof_data_size                   
abs   ffffffff  ___TI_prof_data_start                  
abs   ffffffff  ___binit__                             
1     0000e000  ___bss__                               
abs   ffffffff  ___c_args__                            
0     003db8db  ___cinit__                             
1     0000e000  ___data__                              
1     0000e000  ___edata__                             
1     0000e000  ___end__                               
0     003da822  ___etext__                             
abs   ffffffff  ___pinit__                             
0     003d8000  ___text__                              
0     003da7d6  __args_main                            
1     0000e608  __lock                                 
0     003da80d  __nop                                  
0     003da809  __register_lock                        
0     003da805  __register_unlock                      
1     00000002  __stack                                
0     003da821  __system_post_cinit                    
0     003da81f  __system_pre_init                      
1     0000e60a  __unlock                               
0     003da6c0  _abort                                 
0     003da519  _atan                                  
0     003da4ca  _atan2                                 
0     003da771  _atan2f                                
0     003da76e  _atanf                                 
0     003da81e  _bootloaderBackgroundTask              
0     003da81d  _bootloaderInit                        
0     003da75f  _c2000_flash_init                      
0     003da474  _c_int00                               
1     0000e5f6  _checkSCITransmitInProgressA           
0     003da2c1  _config_ADC_SOC0_SOC1                  
0     003da28e  _config_ADC_SOC2_SOC3                  
0     003da6bf  _config_ePWMSyncSource                 
0     003da69f  _config_ePWM_GPIO                      
0     003da697  _config_ePWM_TBSync                    
0     003da60e  _configureTimer0                       
0     003da711  _copy_in                               
0     003da62f  _cos                                   
0     003da75c  _cosf                                  
0     003da5ed  _disableTimer0Interrupt                
0     003da3bc  _disableWatchdog                       
0     003da5fe  _enableTimer0Interrupt                 
0     003da6c2  _exit                                  
0     003da3c3  _floor                                 
0     003da3c3  _floorf                                
1     0000e5f8  _frameA1Count                          
1     0000e5f7  _frameA1Transmitted                    
0     003da7ce  _globalInterruptDisable                
0     003da7c2  _globalInterruptEnable                 
0     003d822f  _iPMSM_F28069M_Accumulate              
1     0000e140  _iPMSM_F28069M_B                       
0     003db0fa  _iPMSM_F28069M_ConstB                  
0     003da822  _iPMSM_F28069M_ConstP                  
1     0000e040  _iPMSM_F28069M_DWork                   
0     003d90fe  _iPMSM_F28069M_Dir_Sense               
0     003db0f6  _iPMSM_F28069M_M                       
1     0000e006  _iPMSM_F28069M_PrevZCSigState          
0     003d90f5  _iPMSM_F28069M_SetEventsForThisBaseStep
0     003d85ef  _iPMSM_F28069M_SpeedControl            
0     003d90ee  _iPMSM_F28069M_Subsystem2              
0     003d90db  _iPMSM_F28069M_configure_interrupts    
0     003d87b9  _iPMSM_F28069M_initialize              
0     003d875e  _iPMSM_F28069M_step0                   
0     003d85e2  _iPMSM_F28069M_step1                   
0     003d85d3  _iPMSM_F28069M_terminate               
0     003d85cc  _iPMSM_F28069M_unconfigure_interrupts  
0     00008000  _iPMSM_F28069_CurrentControl           
0     003d820a  _iPMSM_F28_IfActionSubsystem           
0     003d81e6  _iPMSM_F28_SPIMasterTransfer           
0     003d81ce  _iPMSM_F28_SpeedControl_Init           
0     003d81b7  _iPMSM_F2_IfActionSubsystem1           
0     003d80b6  _iPMSM_F_CurrentControl_Init           
0     003d8045  _iPMSM__CurrentControl_Reset           
0     003d801a  _iPMS_SPIMasterTransfer_Init           
0     003d8000  _iPMS_SPIMasterTransfer_Term           
0     003da37e  _init_SCI                              
0     003d9ea7  _init_SCIFrame                         
0     003da365  _init_SCI_GPIO                         
0     003da563  _init_board                            
1     0000e60c  _isRateRunning                         
0     003da24f  _main                                  
0     003da774  _memcpy                                
0     003da816  _memset                                
1     0000e5d8  _mySpi                                 
1     0000e60e  _need2runFlags                         
0     003da606  _restoreTimer0Interrupt                
0     003d963c  _rsvd_ISR                              
0     003da7bf  _rtGetInf                              
0     003da7b6  _rtGetInfF                             
0     003da7b3  _rtGetMinusInf                         
0     003da7aa  _rtGetMinusInfF                        
0     003da802  _rtGetNaN                              
0     003da7f9  _rtGetNaNF                             
1     0000e5b4  _rtInf                                 
1     0000e5ba  _rtInfF                                
0     003da352  _rtIsInf                               
0     003da33f  _rtIsInfF                              
0     003da33c  _rtIsNaN                               
0     003da326  _rtIsNaNF                              
1     0000e5b6  _rtMinusInf                            
1     0000e5bc  _rtMinusInfF                           
1     0000e5b8  _rtNaN                                 
1     0000e5be  _rtNaNF                                
0     003da301  _rt_InitInfAndNaN                      
0     003da212  _rt_OneStep                            
1     0000e606  _runModel                              
0     003d9e35  _scia_rcv                              
0     003d9d79  _scia_rcv_varsize                      
0     003d9d47  _scia_xmit                             
0     003da663  _sin                                   
0     003da759  _sinf                                  
0     003da735  _sqrt                                  
0     003da756  _sqrtf                                 
1     0000e605  _stopRequested                         
abs   ffffffff  binit                                  
0     003db8db  cinit                                  
0     003f7ff6  code_start                             
1     0000e000  edata                                  
1     0000e000  end                                    
0     003da822  etext                                  
abs   ffffffff  pinit                                  


GLOBAL SYMBOLS: SORTED BY Symbol Address 

page  address   name                                   
----  -------   ----                                   
0     00008000  _RamfuncsRunStart                      
0     00008000  _iPMSM_F28069_CurrentControl           
0     000087bf  _InitFlash                             
0     000087dc  _DSP28x_usDelay                        
0     003d8000  .text                                  
0     003d8000  ___text__                              
0     003d8000  _iPMS_SPIMasterTransfer_Term           
0     003d801a  _iPMS_SPIMasterTransfer_Init           
0     003d8045  _iPMSM__CurrentControl_Reset           
0     003d804e  _SVC_Calc_Init                         
0     003d80b6  _iPMSM_F_CurrentControl_Init           
0     003d81b7  _iPMSM_F2_IfActionSubsystem1           
0     003d81ce  _iPMSM_F28_SpeedControl_Init           
0     003d81e6  _iPMSM_F28_SPIMasterTransfer           
0     003d820a  _iPMSM_F28_IfActionSubsystem           
0     003d822f  _iPMSM_F28069M_Accumulate              
0     003d8266  _SVC_Calc                              
0     003d85cc  _iPMSM_F28069M_unconfigure_interrupts  
0     003d85d3  _iPMSM_F28069M_terminate               
0     003d85e2  _iPMSM_F28069M_step1                   
0     003d85ef  _iPMSM_F28069M_SpeedControl            
0     003d875e  _iPMSM_F28069M_step0                   
0     003d87b9  _iPMSM_F28069M_initialize              
0     003d90db  _iPMSM_F28069M_configure_interrupts    
0     003d90ee  _iPMSM_F28069M_Subsystem2              
0     003d90f5  _iPMSM_F28069M_SetEventsForThisBaseStep
0     003d90fe  _iPMSM_F28069M_Dir_Sense               
0     003d9115  _HWI_TIC28x_EnablePendingIRQ           
0     003d9296  _HWI_TIC28x_EnableIRQ                  
0     003d944a  _HWI_TIC28x_DisableIRQ                 
0     003d9618  _HWI_TIC28x_ConfigureIRQ               
0     003d9624  _HWI_TIC28x_AcknowledgeIrq             
0     003d963c  _rsvd_ISR                              
0     003d9646  _XINT3_ISR                             
0     003d9650  _XINT2_ISR                             
0     003d965a  _XINT1_ISR                             
0     003d9664  _WAKEINT_ISR                           
0     003d966e  _USER9_ISR                             
0     003d9678  _USER8_ISR                             
0     003d9682  _USER7_ISR                             
0     003d968c  _USER6_ISR                             
0     003d9696  _USER5_ISR                             
0     003d96a0  _USER4_ISR                             
0     003d96aa  _USER3_ISR                             
0     003d96b4  _USER2_ISR                             
0     003d96be  _USER1_ISR                             
0     003d96c8  _USER12_ISR                            
0     003d96d2  _USER11_ISR                            
0     003d96dc  _USER10_ISR                            
0     003d96e6  _USB0_INT_ISR                          
0     003d96f0  _TINT0_ISR                             
0     003d96fa  _SPITXINTB_ISR                         
0     003d9704  _SPITXINTA_ISR                         
0     003d970e  _SPIRXINTB_ISR                         
0     003d9718  _SPIRXINTA_ISR                         
0     003d9722  _SCITXINTB_ISR                         
0     003d972c  _SCITXINTA_ISR                         
0     003d9736  _SCIRXINTB_ISR                         
0     003d9740  _SCIRXINTA_ISR                         
0     003d974a  _RTOSINT_ISR                           
0     003d9754  _PIE_RESERVED                          
0     003d975e  _NMI_ISR                               
0     003d9768  _MXINTA_ISR                            
0     003d9772  _MRINTA_ISR                            
0     003d977c  _LVF_ISR                               
0     003d9786  _LUF_ISR                               
0     003d9790  _INT14_ISR                             
0     003d979a  _INT13_ISR                             
0     003d97a4  _ILLEGAL_ISR                           
0     003d97ae  _I2CINT2A_ISR                          
0     003d97b8  _I2CINT1A_ISR                          
0     003d97c2  _HRCAP4_INT_ISR                        
0     003d97cc  _HRCAP3_INT_ISR                        
0     003d97d6  _HRCAP2_INT_ISR                        
0     003d97e0  _HRCAP1_INT_ISR                        
0     003d97ea  _EQEP2_INT_ISR                         
0     003d97f4  _EQEP1_INT_ISR                         
0     003d97fe  _EPWM8_TZINT_ISR                       
0     003d9808  _EPWM8_INT_ISR                         
0     003d9812  _EPWM7_TZINT_ISR                       
0     003d981c  _EPWM7_INT_ISR                         
0     003d9826  _EPWM6_TZINT_ISR                       
0     003d9830  _EPWM6_INT_ISR                         
0     003d983a  _EPWM5_TZINT_ISR                       
0     003d9844  _EPWM5_INT_ISR                         
0     003d984e  _EPWM4_TZINT_ISR                       
0     003d9858  _EPWM4_INT_ISR                         
0     003d9862  _EPWM3_TZINT_ISR                       
0     003d986c  _EPWM3_INT_ISR                         
0     003d9876  _EPWM2_TZINT_ISR                       
0     003d9880  _EPWM2_INT_ISR                         
0     003d988a  _EPWM1_TZINT_ISR                       
0     003d9894  _EPWM1_INT_ISR                         
0     003d989e  _EMUINT_ISR                            
0     003d98a8  _EMPTY_ISR                             
0     003d98b5  _ECAP3_INT_ISR                         
0     003d98bf  _ECAP2_INT_ISR                         
0     003d98c9  _ECAP1_INT_ISR                         
0     003d98d3  _ECAN1INTA_ISR                         
0     003d98dd  _ECAN0INTA_ISR                         
0     003d98e7  _DINTCH6_ISR                           
0     003d98f1  _DINTCH5_ISR                           
0     003d98fb  _DINTCH4_ISR                           
0     003d9905  _DINTCH3_ISR                           
0     003d990f  _DINTCH2_ISR                           
0     003d9919  _DINTCH1_ISR                           
0     003d9923  _DATALOG_ISR                           
0     003d992d  _CLA1_INT8_ISR                         
0     003d9937  _CLA1_INT7_ISR                         
0     003d9941  _CLA1_INT6_ISR                         
0     003d994b  _CLA1_INT5_ISR                         
0     003d9955  _CLA1_INT4_ISR                         
0     003d995f  _CLA1_INT3_ISR                         
0     003d9969  _CLA1_INT2_ISR                         
0     003d9973  _CLA1_INT1_ISR                         
0     003d997d  _ADCINT9_ISR                           
0     003d9987  _ADCINT8_ISR                           
0     003d9991  _ADCINT7_ISR                           
0     003d999b  _ADCINT6_ISR                           
0     003d99a5  _ADCINT5_ISR                           
0     003d99af  _ADCINT4_ISR                           
0     003d99b9  _ADCINT3_ISR                           
0     003d99c3  _ADCINT2_ISR                           
0     003d99cd  _ADCINT1_ISR                           
0     003d99d7  _InitAdcAio                            
0     003d99fd  _InitAdc                               
0     003d9a28  _AdcChanSelect                         
0     003d9a80  _AdcConversion                         
0     003d9b94  _AdcOffsetSelfCal                      
0     003d9bb9  _XtalOscSel                            
0     003d9bd5  _ServiceDog                            
0     003d9bdf  _IntOsc2Sel                            
0     003d9bf3  _IntOsc1Sel                            
0     003d9c03  _DisableDog                            
0     003d9c0b  _InitPll                               
0     003d9c5d  _InitPeripheralClocks                  
0     003d9cbc  _InitSysCtrl                           
0     003d9cd4  _InitPll2                              
0     003d9d01  _ExtOscSel                             
0     003d9d19  _CsmUnlock                             
0     003d9d47  _scia_xmit                             
0     003d9d79  _scia_rcv_varsize                      
0     003d9e35  _scia_rcv                              
0     003d9ea7  _init_SCIFrame                         
0     003d9eaf  _SCIRXINTA                             
0     003d9f71  _ADCINT1                               
0     003d9fdc  _GPIO_SetupPinMux                      
0     003da003  _GPIO_SetupPinOptions                  
0     003da068  _Set_GPIOPin                           
0     003da073  _OneTimeGpioInit                       
0     003da079  _InitGpio                              
0     003da096  _GPIO_WritePin                         
0     003da0b0  _GPIO_TogglePin                        
0     003da0c4  _GPIO_ReadPin                          
0     003da0d8  _SPI_status                            
0     003da106  _SPI_init                              
0     003da180  _SPI_clockFormat                       
0     003da195  _MW_SPI_SlaveWriteRead_8bits           
0     003da197  _MW_SPI_SetSlaveSelect                 
0     003da199  _MW_SPI_SetFormat                      
0     003da1c9  _MW_SPI_SetBusSpeed                    
0     003da1cb  _MW_SPI_Open                           
0     003da1e3  _MW_SPI_MasterWriteRead_8bits          
0     003da20f  _MW_SPI_GetStatus                      
0     003da211  _MW_SPI_Close                          
0     003da212  _rt_OneStep                            
0     003da24f  _main                                  
0     003da28e  _config_ADC_SOC2_SOC3                  
0     003da2c1  _config_ADC_SOC0_SOC1                  
0     003da301  _rt_InitInfAndNaN                      
0     003da326  _rtIsNaNF                              
0     003da33c  _rtIsNaN                               
0     003da33f  _rtIsInfF                              
0     003da352  _rtIsInf                               
0     003da365  _init_SCI_GPIO                         
0     003da37e  _init_SCI                              
0     003da3bc  _disableWatchdog                       
0     003da3c3  _floor                                 
0     003da3c3  _floorf                                
0     003da41c  _InitCpuTimers                         
0     003da451  _ConfigCpuTimer                        
0     003da474  _c_int00                               
0     003da4ca  _atan2                                 
0     003da519  _atan                                  
0     003da563  _init_board                            
0     003da5a9  _TINT0_isr                             
0     003da5ed  _disableTimer0Interrupt                
0     003da5fe  _enableTimer0Interrupt                 
0     003da606  _restoreTimer0Interrupt                
0     003da60e  _configureTimer0                       
0     003da62f  _cos                                   
0     003da663  _sin                                   
0     003da697  _config_ePWM_TBSync                    
0     003da69f  _config_ePWM_GPIO                      
0     003da6bf  _config_ePWMSyncSource                 
0     003da6c0  C$$EXIT                                
0     003da6c0  _abort                                 
0     003da6c2  _exit                                  
0     003da6e9  _InitPieCtrl                           
0     003da708  _EnableInterrupts                      
0     003da711  _copy_in                               
0     003da735  _sqrt                                  
0     003da756  _sqrtf                                 
0     003da759  _sinf                                  
0     003da75c  _cosf                                  
0     003da75f  _c2000_flash_init                      
0     003da76e  _atanf                                 
0     003da771  _atan2f                                
0     003da774  _memcpy                                
0     003da791  FS$$DIV                                
0     003da7aa  _rtGetMinusInfF                        
0     003da7b3  _rtGetMinusInf                         
0     003da7b6  _rtGetInfF                             
0     003da7bf  _rtGetInf                              
0     003da7c2  _globalInterruptEnable                 
0     003da7ce  _globalInterruptDisable                
0     003da7d6  __args_main                            
0     003da7e8  _InitPieVectTable                      
0     003da7f9  _rtGetNaNF                             
0     003da802  _rtGetNaN                              
0     003da805  __register_unlock                      
0     003da809  __register_lock                        
0     003da80d  __nop                                  
0     003da816  _memset                                
0     003da81d  _bootloaderInit                        
0     003da81e  _bootloaderBackgroundTask              
0     003da81f  __system_pre_init                      
0     003da821  __system_post_cinit                    
0     003da822  ___etext__                             
0     003da822  _iPMSM_F28069M_ConstP                  
0     003da822  etext                                  
0     003daff6  _PieVectTableInit                      
0     003db0f6  _iPMSM_F28069M_M                       
0     003db0fa  _iPMSM_F28069M_ConstB                  
0     003db0fb  _RamfuncsLoadStart                     
0     003db8db  _RamfuncsLoadEnd                       
0     003db8db  ___cinit__                             
0     003db8db  cinit                                  
0     003f7ff6  code_start                             
0     003fd590  _FPUsinTable                           
0     003fd690  _FPUcosTable                           
0     003fd990  _FPUsinTableEnd                        
0     003fda92  _FPUatan2HalfPITable                   
0     003fda92  _FPUcosTableEnd                        
0     003fda96  _FPUatan2Table                         
0     003fdc1c  _FPUatan2TableEnd                      
1     00000002  __stack                                
1     00000402  __STACK_END                            
1     00000880  _DevEmuRegs                            
1     00000985  _SysPwrCtrlRegs                        
1     00000a80  _FlashRegs                             
1     00000ae0  _CsmRegs                               
1     00000b00  _AdcResult                             
1     00000c00  _CpuTimer0Regs                         
1     00000c08  _CpuTimer1Regs                         
1     00000c10  _CpuTimer2Regs                         
1     00000ce0  _PieCtrlRegs                           
1     00000d00  _EmuKey                                
1     00000d00  _PieVectTable                          
1     00000d01  _EmuBMode                              
1     00000d02  _Flash_CallbackPtr                     
1     00000d04  _Flash_CPUScaleFactor                  
1     00001000  _DmaRegs                               
1     00001400  _Cla1Regs                              
1     00004000  _Usb0Regs                              
1     00005000  _McbspaRegs                            
1     00006000  _ECanaRegs                             
1     00006040  _ECanaLAMRegs                          
1     00006080  _ECanaMOTSRegs                         
1     000060c0  _ECanaMOTORegs                         
1     00006100  _ECanaMboxes                           
1     00006400  _Comp1Regs                             
1     00006420  _Comp2Regs                             
1     00006440  _Comp3Regs                             
1     00006800  _EPwm1Regs                             
1     00006840  _EPwm2Regs                             
1     00006880  _EPwm3Regs                             
1     000068c0  _EPwm4Regs                             
1     00006900  _EPwm5Regs                             
1     00006940  _EPwm6Regs                             
1     00006980  _EPwm7Regs                             
1     000069c0  _EPwm8Regs                             
1     00006a00  _ECap1Regs                             
1     00006a20  _ECap2Regs                             
1     00006a40  _ECap3Regs                             
1     00006ac0  _HRCap1Regs                            
1     00006ae0  _HRCap2Regs                            
1     00006b00  _EQep1Regs                             
1     00006b40  _EQep2Regs                             
1     00006c80  _HRCap3Regs                            
1     00006ca0  _HRCap4Regs                            
1     00006f80  _GpioCtrlRegs                          
1     00006fc0  _GpioDataRegs                          
1     00006fe0  _GpioIntRegs                           
1     00007010  _SysCtrlRegs                           
1     00007040  _SpiaRegs                              
1     00007050  _SciaRegs                              
1     00007060  _NmiIntruptRegs                        
1     00007070  _XIntruptRegs                          
1     00007100  _AdcRegs                               
1     00007740  _SpibRegs                              
1     00007750  _ScibRegs                              
1     00007900  _I2caRegs                              
1     0000e000  .bss                                   
1     0000e000  .data                                  
1     0000e000  _MW_adcInitFlag                        
1     0000e000  ___bss__                               
1     0000e000  ___data__                              
1     0000e000  ___edata__                             
1     0000e000  ___end__                               
1     0000e000  edata                                  
1     0000e000  end                                    
1     0000e006  _iPMSM_F28069M_PrevZCSigState          
1     0000e040  _iPMSM_F28069M_DWork                   
1     0000e140  _iPMSM_F28069M_B                       
1     0000e5b4  _rtInf                                 
1     0000e5b6  _rtMinusInf                            
1     0000e5b8  _rtNaN                                 
1     0000e5ba  _rtInfF                                
1     0000e5bc  _rtMinusInfF                           
1     0000e5be  _rtNaNF                                
1     0000e5c0  _CpuTimer0                             
1     0000e5c8  _CpuTimer1                             
1     0000e5d0  _CpuTimer2                             
1     0000e5d8  _mySpi                                 
1     0000e5f0  ___TI_enable_exit_profile_output       
1     0000e5f2  ___TI_cleanup_ptr                      
1     0000e5f4  ___TI_dtors_ptr                        
1     0000e5f6  _checkSCITransmitInProgressA           
1     0000e5f7  _frameA1Transmitted                    
1     0000e5f8  _frameA1Count                          
1     0000e5fa  _Iab_fb_PU                             
1     0000e5fe  _Iab_ADC_u16                           
1     0000e600  _SPI_oneTimeInit                       
1     0000e604  _IsrOverrun                            
1     0000e605  _stopRequested                         
1     0000e606  _runModel                              
1     0000e607  _GPIO_oneTimeInit                      
1     0000e608  __lock                                 
1     0000e60a  __unlock                               
1     0000e60c  _isRateRunning                         
1     0000e60e  _need2runFlags                         
1     0000e610  _MW_InterruptDisableLock               
1     003d7e80  _PartIdRegs                            
1     003f7ff8  _CsmPwl                                
abs   00000400  __STACK_SIZE                           
abs   ffffffff  ___TI_pprof_out_hndl                   
abs   ffffffff  ___TI_prof_data_size                   
abs   ffffffff  ___TI_prof_data_start                  
abs   ffffffff  ___binit__                             
abs   ffffffff  ___c_args__                            
abs   ffffffff  ___pinit__                             
abs   ffffffff  binit                                  
abs   ffffffff  pinit                                  

[354 symbols]
