******************************************************************************
             TMS320C2000 Linker PC v20.2.1                     
******************************************************************************
>> Linked Wed Jun  7 14:55:17 2023

OUTPUT FILE NAME:   <../Motor_Control_01.out>
ENTRY POINT SYMBOL: "_c_int00"  address: 003d8607


MEMORY CONFIGURATION

         name            origin    length      used     unused   attr    fill
----------------------  --------  ---------  --------  --------  ----  --------
PAGE 0:
  BEGINRAM              00000000   00000002  00000000  00000002  RWIX
  PRAM                  00008000   00006000  00000021  00005fdf  RWIX
  OTP                   003d7800   000003fa  00000000  000003fa  RWIX
  FLASH                 003d8000   0001fff0  00000aa1  0001f54f  RWIX
  BEGINFLASH            003f7ff6   00000002  00000002  00000000  RWIX
  CSM_PWL               003f7ff8   00000008  00000000  00000008  RWIX
  FPUTABLES             003fd590   000006a0  000006a0  00000000  RWIX
  IQTABLES              003fdc30   00000b50  00000000  00000b50  RWIX
  IQTABLES2             003fe780   0000008c  00000000  0000008c  RWIX
  IQTABLES3             003fe80c   000000aa  00000000  000000aa  RWIX
  BOOTROM               003ff3b0   00000c10  00000000  00000c10  RWIX
  RESET                 003fffc0   00000002  00000000  00000002  RWIX
  VECTORS               003fffc2   0000003e  00000000  0000003e  RWIX

PAGE 1:
  RAMM0M1               00000002   000007fe  00000400  000003fe  RWIX
  DEV_EMU               00000880   00000105  00000004  00000101  RWIX
  SYS_PWR_CTL           00000985   00000003  00000003  00000000  RWIX
  FLASH_REGS            00000a80   00000060  00000008  00000058  RWIX
  CSM                   00000ae0   00000020  00000010  00000010  RWIX
  ADC_RESULT            00000b00   00000020  00000010  00000010  RWIX
  CPU_TIMER0            00000c00   00000008  00000008  00000000  RWIX
  CPU_TIMER1            00000c08   00000008  00000008  00000000  RWIX
  CPU_TIMER2            00000c10   00000008  00000008  00000000  RWIX
  PIE_CTRL              00000ce0   00000020  0000001a  00000006  RWIX
  PIE_VECT              00000d00   00000100  00000100  00000000  RWIX
  DMA                   00001000   00000200  000000e0  00000120  RWIX
  CLA1                  00001400   00000080  00000040  00000040  RWIX
  USB0                  00004000   00001000  00000454  00000bac  RWIX
  McBSPA                00005000   00000040  00000024  0000001c  RWIX
  ECANA                 00006000   00000040  00000034  0000000c  RWIX
  ECANA_LAM             00006040   00000040  00000040  00000000  RWIX
  ECANA_MOTS            00006080   00000040  00000040  00000000  RWIX
  ECANA_MOTO            000060c0   00000040  00000040  00000000  RWIX
  ECANA_MBOX            00006100   00000100  00000100  00000000  RWIX
  COMP1                 00006400   00000020  00000014  0000000c  RWIX
  COMP2                 00006420   00000020  00000014  0000000c  RWIX
  COMP3                 00006440   00000020  00000014  0000000c  RWIX
  EPWM1                 00006800   00000040  00000040  00000000  RWIX
  EPWM2                 00006840   00000040  00000040  00000000  RWIX
  EPWM3                 00006880   00000040  00000040  00000000  RWIX
  EPWM4                 000068c0   00000040  00000040  00000000  RWIX
  EPWM5                 00006900   00000040  00000040  00000000  RWIX
  EPWM6                 00006940   00000040  00000040  00000000  RWIX
  EPWM7                 00006980   00000040  00000040  00000000  RWIX
  EPWM8                 000069c0   00000040  00000040  00000000  RWIX
  ECAP1                 00006a00   00000020  00000020  00000000  RWIX
  ECAP2                 00006a20   00000020  00000020  00000000  RWIX
  ECAP3                 00006a40   00000020  00000020  00000000  RWIX
  HRCAP1                00006ac0   00000020  00000020  00000000  RWIX
  HRCAP2                00006ae0   00000020  00000020  00000000  RWIX
  EQEP1                 00006b00   00000040  00000022  0000001e  RWIX
  EQEP2                 00006b40   00000040  00000022  0000001e  RWIX
  HRCAP3                00006c80   00000020  00000020  00000000  RWIX
  HRCAP4                00006ca0   00000020  00000020  00000000  RWIX
  GPIOCTRL              00006f80   00000040  00000040  00000000  RWIX
  GPIODAT               00006fc0   00000020  00000020  00000000  RWIX
  GPIOINT               00006fe0   00000020  00000020  00000000  RWIX
  SYSTEM                00007010   00000030  00000030  00000000  RWIX
  SPIA                  00007040   00000010  00000010  00000000  RWIX
  SCIA                  00007050   00000010  00000010  00000000  RWIX
  NMIINTRUPT            00007060   00000010  00000010  00000000  RWIX
  XINTRUPT              00007070   00000010  00000010  00000000  RWIX
  ADC                   00007100   00000080  00000050  00000030  RWIX
  SPIB                  00007740   00000010  00000010  00000000  RWIX
  SCIB                  00007750   00000010  00000010  00000000  RWIX
  I2CA                  00007900   00000040  00000022  0000001e  RWIX
  DRAM                  0000e000   00006000  00000033  00005fcd  RWIX
  PARTID                003d7e80   00000001  00000001  00000000  RWIX
  CSM_PWL               003f7ff8   00000008  00000008  00000000  RWIX


SECTION ALLOCATION MAP

 output                                  attributes/
section   page    origin      length       input sections
--------  ----  ----------  ----------   ----------------
DevEmuRegsFile 
*          1    00000880    00000004     UNINITIALIZED
                  00000880    00000004     F2806x_GlobalVariableDefs.obj (DevEmuRegsFile)

SysPwrCtrlRegsFile 
*          1    00000985    00000003     UNINITIALIZED
                  00000985    00000003     F2806x_GlobalVariableDefs.obj (SysPwrCtrlRegsFile)

FlashRegsFile 
*          1    00000a80    00000008     UNINITIALIZED
                  00000a80    00000008     F2806x_GlobalVariableDefs.obj (FlashRegsFile)

CsmRegsFile 
*          1    00000ae0    00000010     UNINITIALIZED
                  00000ae0    00000010     F2806x_GlobalVariableDefs.obj (CsmRegsFile)

AdcResultFile 
*          1    00000b00    00000010     UNINITIALIZED
                  00000b00    00000010     F2806x_GlobalVariableDefs.obj (AdcResultFile)

CpuTimer0RegsFile 
*          1    00000c00    00000008     UNINITIALIZED
                  00000c00    00000008     F2806x_GlobalVariableDefs.obj (CpuTimer0RegsFile)

CpuTimer1RegsFile 
*          1    00000c08    00000008     UNINITIALIZED
                  00000c08    00000008     F2806x_GlobalVariableDefs.obj (CpuTimer1RegsFile)

CpuTimer2RegsFile 
*          1    00000c10    00000008     UNINITIALIZED
                  00000c10    00000008     F2806x_GlobalVariableDefs.obj (CpuTimer2RegsFile)

PieCtrlRegsFile 
*          1    00000ce0    0000001a     UNINITIALIZED
                  00000ce0    0000001a     F2806x_GlobalVariableDefs.obj (PieCtrlRegsFile)

PieVectTableFile 
*          1    00000d00    00000100     UNINITIALIZED
                  00000d00    00000100     F2806x_GlobalVariableDefs.obj (PieVectTableFile)

EmuKeyVar 
*          1    00000d00    00000001     UNINITIALIZED
                  00000d00    00000001     F2806x_GlobalVariableDefs.obj (EmuKeyVar)

EmuBModeVar 
*          1    00000d01    00000001     UNINITIALIZED
                  00000d01    00000001     F2806x_GlobalVariableDefs.obj (EmuBModeVar)

FlashCallbackVar 
*          1    00000d02    00000002     UNINITIALIZED
                  00000d02    00000002     F2806x_GlobalVariableDefs.obj (FlashCallbackVar)

FlashScalingVar 
*          1    00000d04    00000002     UNINITIALIZED
                  00000d04    00000002     F2806x_GlobalVariableDefs.obj (FlashScalingVar)

DmaRegsFile 
*          1    00001000    000000e0     UNINITIALIZED
                  00001000    000000e0     F2806x_GlobalVariableDefs.obj (DmaRegsFile)

Cla1RegsFile 
*          1    00001400    00000040     UNINITIALIZED
                  00001400    00000040     F2806x_GlobalVariableDefs.obj (Cla1RegsFile)

Usb0RegsFile 
*          1    00004000    00000454     UNINITIALIZED
                  00004000    00000454     F2806x_GlobalVariableDefs.obj (Usb0RegsFile)

McbspaRegsFile 
*          1    00005000    00000024     UNINITIALIZED
                  00005000    00000024     F2806x_GlobalVariableDefs.obj (McbspaRegsFile)

ECanaRegsFile 
*          1    00006000    00000034     UNINITIALIZED
                  00006000    00000034     F2806x_GlobalVariableDefs.obj (ECanaRegsFile)

ECanaLAMRegsFile 
*          1    00006040    00000040     UNINITIALIZED
                  00006040    00000040     F2806x_GlobalVariableDefs.obj (ECanaLAMRegsFile)

ECanaMOTSRegsFile 
*          1    00006080    00000040     UNINITIALIZED
                  00006080    00000040     F2806x_GlobalVariableDefs.obj (ECanaMOTSRegsFile)

ECanaMOTORegsFile 
*          1    000060c0    00000040     UNINITIALIZED
                  000060c0    00000040     F2806x_GlobalVariableDefs.obj (ECanaMOTORegsFile)

ECanaMboxesFile 
*          1    00006100    00000100     UNINITIALIZED
                  00006100    00000100     F2806x_GlobalVariableDefs.obj (ECanaMboxesFile)

Comp1RegsFile 
*          1    00006400    00000014     UNINITIALIZED
                  00006400    00000014     F2806x_GlobalVariableDefs.obj (Comp1RegsFile)

Comp2RegsFile 
*          1    00006420    00000014     UNINITIALIZED
                  00006420    00000014     F2806x_GlobalVariableDefs.obj (Comp2RegsFile)

Comp3RegsFile 
*          1    00006440    00000014     UNINITIALIZED
                  00006440    00000014     F2806x_GlobalVariableDefs.obj (Comp3RegsFile)

EPwm1RegsFile 
*          1    00006800    00000040     UNINITIALIZED
                  00006800    00000040     F2806x_GlobalVariableDefs.obj (EPwm1RegsFile)

EPwm2RegsFile 
*          1    00006840    00000040     UNINITIALIZED
                  00006840    00000040     F2806x_GlobalVariableDefs.obj (EPwm2RegsFile)

EPwm3RegsFile 
*          1    00006880    00000040     UNINITIALIZED
                  00006880    00000040     F2806x_GlobalVariableDefs.obj (EPwm3RegsFile)

EPwm4RegsFile 
*          1    000068c0    00000040     UNINITIALIZED
                  000068c0    00000040     F2806x_GlobalVariableDefs.obj (EPwm4RegsFile)

EPwm5RegsFile 
*          1    00006900    00000040     UNINITIALIZED
                  00006900    00000040     F2806x_GlobalVariableDefs.obj (EPwm5RegsFile)

EPwm6RegsFile 
*          1    00006940    00000040     UNINITIALIZED
                  00006940    00000040     F2806x_GlobalVariableDefs.obj (EPwm6RegsFile)

EPwm7RegsFile 
*          1    00006980    00000040     UNINITIALIZED
                  00006980    00000040     F2806x_GlobalVariableDefs.obj (EPwm7RegsFile)

EPwm8RegsFile 
*          1    000069c0    00000040     UNINITIALIZED
                  000069c0    00000040     F2806x_GlobalVariableDefs.obj (EPwm8RegsFile)

ECap1RegsFile 
*          1    00006a00    00000020     UNINITIALIZED
                  00006a00    00000020     F2806x_GlobalVariableDefs.obj (ECap1RegsFile)

ECap2RegsFile 
*          1    00006a20    00000020     UNINITIALIZED
                  00006a20    00000020     F2806x_GlobalVariableDefs.obj (ECap2RegsFile)

ECap3RegsFile 
*          1    00006a40    00000020     UNINITIALIZED
                  00006a40    00000020     F2806x_GlobalVariableDefs.obj (ECap3RegsFile)

HRCap1RegsFile 
*          1    00006ac0    00000020     UNINITIALIZED
                  00006ac0    00000020     F2806x_GlobalVariableDefs.obj (HRCap1RegsFile)

HRCap2RegsFile 
*          1    00006ae0    00000020     UNINITIALIZED
                  00006ae0    00000020     F2806x_GlobalVariableDefs.obj (HRCap2RegsFile)

EQep1RegsFile 
*          1    00006b00    00000022     UNINITIALIZED
                  00006b00    00000022     F2806x_GlobalVariableDefs.obj (EQep1RegsFile)

EQep2RegsFile 
*          1    00006b40    00000022     UNINITIALIZED
                  00006b40    00000022     F2806x_GlobalVariableDefs.obj (EQep2RegsFile)

HRCap3RegsFile 
*          1    00006c80    00000020     UNINITIALIZED
                  00006c80    00000020     F2806x_GlobalVariableDefs.obj (HRCap3RegsFile)

HRCap4RegsFile 
*          1    00006ca0    00000020     UNINITIALIZED
                  00006ca0    00000020     F2806x_GlobalVariableDefs.obj (HRCap4RegsFile)

GpioCtrlRegsFile 
*          1    00006f80    00000040     UNINITIALIZED
                  00006f80    00000040     F2806x_GlobalVariableDefs.obj (GpioCtrlRegsFile)

GpioDataRegsFile 
*          1    00006fc0    00000020     UNINITIALIZED
                  00006fc0    00000020     F2806x_GlobalVariableDefs.obj (GpioDataRegsFile)

GpioIntRegsFile 
*          1    00006fe0    00000020     UNINITIALIZED
                  00006fe0    00000020     F2806x_GlobalVariableDefs.obj (GpioIntRegsFile)

SysCtrlRegsFile 
*          1    00007010    00000030     UNINITIALIZED
                  00007010    00000030     F2806x_GlobalVariableDefs.obj (SysCtrlRegsFile)

SpiaRegsFile 
*          1    00007040    00000010     UNINITIALIZED
                  00007040    00000010     F2806x_GlobalVariableDefs.obj (SpiaRegsFile)

SciaRegsFile 
*          1    00007050    00000010     UNINITIALIZED
                  00007050    00000010     F2806x_GlobalVariableDefs.obj (SciaRegsFile)

NmiIntruptRegsFile 
*          1    00007060    00000010     UNINITIALIZED
                  00007060    00000010     F2806x_GlobalVariableDefs.obj (NmiIntruptRegsFile)

XIntruptRegsFile 
*          1    00007070    00000010     UNINITIALIZED
                  00007070    00000010     F2806x_GlobalVariableDefs.obj (XIntruptRegsFile)

AdcRegsFile 
*          1    00007100    00000050     UNINITIALIZED
                  00007100    00000050     F2806x_GlobalVariableDefs.obj (AdcRegsFile)

SpibRegsFile 
*          1    00007740    00000010     UNINITIALIZED
                  00007740    00000010     F2806x_GlobalVariableDefs.obj (SpibRegsFile)

ScibRegsFile 
*          1    00007750    00000010     UNINITIALIZED
                  00007750    00000010     F2806x_GlobalVariableDefs.obj (ScibRegsFile)

I2caRegsFile 
*          1    00007900    00000022     UNINITIALIZED
                  00007900    00000022     F2806x_GlobalVariableDefs.obj (I2caRegsFile)

PartIdRegsFile 
*          1    003d7e80    00000001     UNINITIALIZED
                  003d7e80    00000001     F2806x_GlobalVariableDefs.obj (PartIdRegsFile)

CsmPwlFile 
*          1    003f7ff8    00000008     UNINITIALIZED
                  003f7ff8    00000008     F2806x_GlobalVariableDefs.obj (CsmPwlFile)

.text      0    003d8021    00000947     
                  003d8021    0000039b     F2806x_DefaultIsr.obj (.text:retain)
                  003d83bc    0000018e     F2806x_SysCtrl.obj (.text)
                  003d854a    00000065     ert_main.obj (.text)
                  003d85af    00000058     F2806x_CpuTimers.obj (.text)
                  003d8607    00000056     rts2800_fpu32.lib : boot28.asm.obj (.text)
                  003d865d    0000004f     rts2800_fpu32_fast_supplement.lib : atan2_f32.obj (.text)
                  003d86ac    0000004a                                       : atan_f32.obj (.text)
                  003d86f6    00000044     c2806xSchedulerTimer0.obj (.text:retain)
                  003d873a    00000042     c2806xSchedulerTimer0.obj (.text)
                  003d877c    00000038     MW_c28xx_board.obj (.text)
                  003d87b4    00000034     rts2800_fpu32_fast_supplement.lib : cos_f32.obj (.text)
                  003d87e8    00000034                                       : sin_f32.obj (.text)
                  003d881c    0000002e     Motor_Control_01.obj (.text)
                  003d884a    00000029     rts2800_fpu32.lib : exit.c.obj (.text)
                  003d8873    00000028     F2806x_PieCtrl.obj (.text)
                  003d889b    00000024     rts2800_fpu32.lib : cpy_tbl.c.obj (.text)
                  003d88bf    00000021     rts2800_fpu32_fast_supplement.lib : sqrt_f32.obj (.text)
                  003d88e0    0000001e     c2806xBoard_Realtime_Support.obj (.text)
                  003d88fe    0000001d     rts2800_fpu32.lib : memcpy.c.obj (.text)
                  003d891b    00000014     MW_c28xGlobalInterrupts.obj (.text)
                  003d892f    00000012     rts2800_fpu32.lib : args_main.c.obj (.text)
                  003d8941    00000011     F2806x_PieVect.obj (.text)
                  003d8952    00000009     rts2800_fpu32.lib : _lock.c.obj (.text)
                  003d895b    00000008     F2806x_CodeStartBranch.obj (.text)
                  003d8963    00000002     blapp_support.obj (.text)
                  003d8965    00000002     rts2800_fpu32.lib : pre_init.c.obj (.text)
                  003d8967    00000001                       : startup.c.obj (.text)

.bss       1    0000e000    00000000     UNINITIALIZED

.ebss      1    0000e000    00000033     UNINITIALIZED
                  0000e000    00000018     F2806x_CpuTimers.obj (.ebss)
                  0000e018    00000006     rts2800_fpu32.lib : exit.c.obj (.ebss)
                  0000e01e    00000004     Motor_Control_01.obj (.ebss)
                  0000e022    00000004     Motor_Control_01_data.obj (.ebss)
                  0000e026    00000003     ert_main.obj (.ebss)
                  0000e029    00000001     MW_c28xGPIO.obj (.ebss)
                  0000e02a    00000002     rts2800_fpu32.lib : _lock.c.obj (.ebss:__lock)
                  0000e02c    00000002                       : _lock.c.obj (.ebss:__unlock)
                  0000e02e    00000002     ert_main.obj (.ebss:_isRateRunning)
                  0000e030    00000002     ert_main.obj (.ebss:_need2runFlags)
                  0000e032    00000001     MW_c28xGlobalInterrupts.obj (.ebss)

.cinit     0    003d8a6a    00000037     
                  003d8a6a    0000000e     rts2800_fpu32.lib : exit.c.obj (.cinit)
                  003d8a78    00000007     Motor_Control_01_data.obj (.cinit)
                  003d8a7f    00000005     rts2800_fpu32.lib : _lock.c.obj (.cinit:__lock)
                  003d8a84    00000005                       : _lock.c.obj (.cinit:__unlock)
                  003d8a89    00000005     ert_main.obj (.cinit:_isRateRunning)
                  003d8a8e    00000005     ert_main.obj (.cinit:_need2runFlags)
                  003d8a93    00000004     MW_c28xGPIO.obj (.cinit)
                  003d8a97    00000004     MW_c28xGlobalInterrupts.obj (.cinit)
                  003d8a9b    00000004     ert_main.obj (.cinit)
                  003d8a9f    00000002     --HOLE-- [fill = 0]

.pinit     0    003d8000    00000000     UNINITIALIZED

.econst    0    003d8968    00000102     
                  003d8968    00000100     F2806x_PieVect.obj (.econst:_PieVectTableInit)
                  003d8a68    00000002     Motor_Control_01.obj (.econst)

.reset     0    003fffc0    00000002     DSECT
                  003fffc0    00000002     rts2800_fpu32.lib : boot28.asm.obj (.reset)

.data      1    0000e000    00000000     UNINITIALIZED

.stack     1    00000002    00000400     UNINITIALIZED
                  00000002    00000400     --HOLE--

codestart 
*          0    003f7ff6    00000002     
                  003f7ff6    00000002     F2806x_CodeStartBranch.obj (codestart)

ramfuncs   0    003d8000    00000021     RUN ADDR = 00008000
                  003d8000    0000001d     F2806x_SysCtrl.obj (ramfuncs)
                  003d801d    00000004     F2806x_usDelay.obj (ramfuncs)

FPUmathTables 
*          0    003fd590    000006a0     NOLOAD SECTION
                  003fd590    000006a0     rts2800_fpu32_fast_supplement.lib : FPUmathTables.obj (FPUmathTables)

MODULE SUMMARY

       Module                             code   initialized data   uninitialized data
       ------                             ----   ----------------   ------------------
    <current directory>
       F2806x_GlobalVariableDefs.obj      0      0                  3550              
       F2806x_DefaultIsr.obj              923    0                  0                 
       F2806x_SysCtrl.obj                 456    0                  0                 
       F2806x_PieVect.obj                 17     256                0                 
       c2806xSchedulerTimer0.obj          134    0                  0                 
       ert_main.obj                       101    14                 7                 
       F2806x_CpuTimers.obj               88     0                  24                
       MW_c28xx_board.obj                 56     0                  0                 
       Motor_Control_01.obj               46     2                  4                 
       F2806x_PieCtrl.obj                 40     0                  0                 
       c2806xBoard_Realtime_Support.obj   30     0                  0                 
       MW_c28xGlobalInterrupts.obj        20     4                  1                 
       Motor_Control_01_data.obj          0      7                  4                 
       F2806x_CodeStartBranch.obj         10     0                  0                 
       F2806x_usDelay.obj                 8      0                  0                 
       MW_c28xGPIO.obj                    0      4                  1                 
       blapp_support.obj                  2      0                  0                 
    +--+----------------------------------+------+------------------+--------------------+
       Total:                             1931   287                3591              
                                                                                      
    C:/ProgramData/MATLAB/SupportPackages/3P.instrset/tic28xcodegentools.instrset/ti-cgt-c2000_20.2.1.LTS/lib/rts2800_fpu32.lib
       boot28.asm.obj                     86     0                  0                 
       exit.c.obj                         41     14                 6                 
       cpy_tbl.c.obj                      36     0                  0                 
       memcpy.c.obj                       29     0                  0                 
       _lock.c.obj                        9      10                 4                 
       args_main.c.obj                    18     0                  0                 
       pre_init.c.obj                     2      0                  0                 
       startup.c.obj                      1      0                  0                 
    +--+----------------------------------+------+------------------+--------------------+
       Total:                             222    24                 10                
                                                                                      
    C:/ti/controlSUITE/libs/math/FPUfastRTS/V100/lib/rts2800_fpu32_fast_supplement.lib
       FPUmathTables.obj                  0      1696               0                 
       atan2_f32.obj                      79     0                  0                 
       atan_f32.obj                       74     0                  0                 
       cos_f32.obj                        52     0                  0                 
       sin_f32.obj                        52     0                  0                 
       sqrt_f32.obj                       33     0                  0                 
    +--+----------------------------------+------+------------------+--------------------+
       Total:                             290    1696               0                 
                                                                                      
       Stack:                             0      0                  1024              
    +--+----------------------------------+------+------------------+--------------------+
       Grand Total:                       2443   2007               4625              


GLOBAL DATA SYMBOLS: SORTED BY DATA PAGE

address     data page           name
--------    ----------------    ----
00000002       0 (00000000)     __stack

00000880      22 (00000880)     _DevEmuRegs

00000985      26 (00000980)     _SysPwrCtrlRegs

00000a80      2a (00000a80)     _FlashRegs

00000ae0      2b (00000ac0)     _CsmRegs

00000b00      2c (00000b00)     _AdcResult

00000c00      30 (00000c00)     _CpuTimer0Regs
00000c08      30 (00000c00)     _CpuTimer1Regs
00000c10      30 (00000c00)     _CpuTimer2Regs

00000ce0      33 (00000cc0)     _PieCtrlRegs

00000d00      34 (00000d00)     _EmuKey
00000d00      34 (00000d00)     _PieVectTable
00000d01      34 (00000d00)     _EmuBMode
00000d02      34 (00000d00)     _Flash_CallbackPtr
00000d04      34 (00000d00)     _Flash_CPUScaleFactor

00001000      40 (00001000)     _DmaRegs

00001400      50 (00001400)     _Cla1Regs

00004000     100 (00004000)     _Usb0Regs

00005000     140 (00005000)     _McbspaRegs

00006000     180 (00006000)     _ECanaRegs

00006040     181 (00006040)     _ECanaLAMRegs

00006080     182 (00006080)     _ECanaMOTSRegs

000060c0     183 (000060c0)     _ECanaMOTORegs

00006100     184 (00006100)     _ECanaMboxes

00006400     190 (00006400)     _Comp1Regs
00006420     190 (00006400)     _Comp2Regs

00006440     191 (00006440)     _Comp3Regs

00006800     1a0 (00006800)     _EPwm1Regs

00006840     1a1 (00006840)     _EPwm2Regs

00006880     1a2 (00006880)     _EPwm3Regs

000068c0     1a3 (000068c0)     _EPwm4Regs

00006900     1a4 (00006900)     _EPwm5Regs

00006940     1a5 (00006940)     _EPwm6Regs

00006980     1a6 (00006980)     _EPwm7Regs

000069c0     1a7 (000069c0)     _EPwm8Regs

00006a00     1a8 (00006a00)     _ECap1Regs
00006a20     1a8 (00006a00)     _ECap2Regs

00006a40     1a9 (00006a40)     _ECap3Regs

00006ac0     1ab (00006ac0)     _HRCap1Regs
00006ae0     1ab (00006ac0)     _HRCap2Regs

00006b00     1ac (00006b00)     _EQep1Regs

00006b40     1ad (00006b40)     _EQep2Regs

00006c80     1b2 (00006c80)     _HRCap3Regs
00006ca0     1b2 (00006c80)     _HRCap4Regs

00006f80     1be (00006f80)     _GpioCtrlRegs

00006fc0     1bf (00006fc0)     _GpioDataRegs
00006fe0     1bf (00006fc0)     _GpioIntRegs

00007010     1c0 (00007000)     _SysCtrlRegs

00007040     1c1 (00007040)     _SpiaRegs
00007050     1c1 (00007040)     _SciaRegs
00007060     1c1 (00007040)     _NmiIntruptRegs
00007070     1c1 (00007040)     _XIntruptRegs

00007100     1c4 (00007100)     _AdcRegs

00007740     1dd (00007740)     _SpibRegs
00007750     1dd (00007740)     _ScibRegs

00007900     1e4 (00007900)     _I2caRegs

0000e000     380 (0000e000)     _CpuTimer0
0000e008     380 (0000e000)     _CpuTimer1
0000e010     380 (0000e000)     _CpuTimer2
0000e018     380 (0000e000)     ___TI_enable_exit_profile_output
0000e01a     380 (0000e000)     ___TI_cleanup_ptr
0000e01c     380 (0000e000)     ___TI_dtors_ptr
0000e01e     380 (0000e000)     _Task_1ms_Cnt
0000e01f     380 (0000e000)     _Task_10ms_Cnt
0000e022     380 (0000e000)     _rtP
0000e026     380 (0000e000)     _IsrOverrun
0000e027     380 (0000e000)     _stopRequested
0000e028     380 (0000e000)     _runModel
0000e029     380 (0000e000)     _GPIO_oneTimeInit
0000e02a     380 (0000e000)     __lock
0000e02c     380 (0000e000)     __unlock
0000e02e     380 (0000e000)     _isRateRunning
0000e030     380 (0000e000)     _need2runFlags
0000e032     380 (0000e000)     _MW_InterruptDisableLock

003d7e80    f5fa (003d7e80)     _PartIdRegs

003d8968    f625 (003d8940)     _PieVectTableInit

003d8a68    f629 (003d8a40)     _rtM

003f7ff8    fdff (003f7fc0)     _CsmPwl

003fd590    ff56 (003fd580)     _FPUsinTable

003fd690    ff5a (003fd680)     _FPUcosTable

003fd990    ff66 (003fd980)     _FPUsinTableEnd

003fda92    ff6a (003fda80)     _FPUatan2HalfPITable
003fda92    ff6a (003fda80)     _FPUcosTableEnd
003fda96    ff6a (003fda80)     _FPUatan2Table

003fdc1c    ff70 (003fdc00)     _FPUatan2TableEnd


GLOBAL SYMBOLS: SORTED ALPHABETICALLY BY Name 

page  address   name                                      
----  -------   ----                                      
1     0000e000  .bss                                      
1     0000e000  .data                                     
0     003d8021  .text                                     
0     003d884a  C$$EXIT                                   
0     003d83b2  _ADCINT1_ISR                              
0     003d83a8  _ADCINT2_ISR                              
0     003d839e  _ADCINT3_ISR                              
0     003d8394  _ADCINT4_ISR                              
0     003d838a  _ADCINT5_ISR                              
0     003d8380  _ADCINT6_ISR                              
0     003d8376  _ADCINT7_ISR                              
0     003d836c  _ADCINT8_ISR                              
0     003d8362  _ADCINT9_ISR                              
1     00007100  _AdcRegs                                  
1     00000b00  _AdcResult                                
0     003d8358  _CLA1_INT1_ISR                            
0     003d834e  _CLA1_INT2_ISR                            
0     003d8344  _CLA1_INT3_ISR                            
0     003d833a  _CLA1_INT4_ISR                            
0     003d8330  _CLA1_INT5_ISR                            
0     003d8326  _CLA1_INT6_ISR                            
0     003d831c  _CLA1_INT7_ISR                            
0     003d8312  _CLA1_INT8_ISR                            
1     00001400  _Cla1Regs                                 
1     00006400  _Comp1Regs                                
1     00006420  _Comp2Regs                                
1     00006440  _Comp3Regs                                
0     003d85e4  _ConfigCpuTimer                           
1     0000e000  _CpuTimer0                                
1     00000c00  _CpuTimer0Regs                            
1     0000e008  _CpuTimer1                                
1     00000c08  _CpuTimer1Regs                            
1     0000e010  _CpuTimer2                                
1     00000c10  _CpuTimer2Regs                            
1     003f7ff8  _CsmPwl                                   
1     00000ae0  _CsmRegs                                  
0     003d851c  _CsmUnlock                                
0     003d8308  _DATALOG_ISR                              
0     003d82fe  _DINTCH1_ISR                              
0     003d82f4  _DINTCH2_ISR                              
0     003d82ea  _DINTCH3_ISR                              
0     003d82e0  _DINTCH4_ISR                              
0     003d82d6  _DINTCH5_ISR                              
0     003d82cc  _DINTCH6_ISR                              
0     0000801d  _DSP28x_usDelay                           
1     00000880  _DevEmuRegs                               
0     003d8406  _DisableDog                               
1     00001000  _DmaRegs                                  
0     003d82c2  _ECAN0INTA_ISR                            
0     003d82b8  _ECAN1INTA_ISR                            
0     003d82ae  _ECAP1_INT_ISR                            
0     003d82a4  _ECAP2_INT_ISR                            
0     003d829a  _ECAP3_INT_ISR                            
1     00006040  _ECanaLAMRegs                             
1     000060c0  _ECanaMOTORegs                            
1     00006080  _ECanaMOTSRegs                            
1     00006100  _ECanaMboxes                              
1     00006000  _ECanaRegs                                
1     00006a00  _ECap1Regs                                
1     00006a20  _ECap2Regs                                
1     00006a40  _ECap3Regs                                
0     003d828d  _EMPTY_ISR                                
0     003d8283  _EMUINT_ISR                               
0     003d8279  _EPWM1_INT_ISR                            
0     003d826f  _EPWM1_TZINT_ISR                          
0     003d8265  _EPWM2_INT_ISR                            
0     003d825b  _EPWM2_TZINT_ISR                          
0     003d8251  _EPWM3_INT_ISR                            
0     003d8247  _EPWM3_TZINT_ISR                          
0     003d823d  _EPWM4_INT_ISR                            
0     003d8233  _EPWM4_TZINT_ISR                          
0     003d8229  _EPWM5_INT_ISR                            
0     003d821f  _EPWM5_TZINT_ISR                          
0     003d8215  _EPWM6_INT_ISR                            
0     003d820b  _EPWM6_TZINT_ISR                          
0     003d8201  _EPWM7_INT_ISR                            
0     003d81f7  _EPWM7_TZINT_ISR                          
0     003d81ed  _EPWM8_INT_ISR                            
0     003d81e3  _EPWM8_TZINT_ISR                          
1     00006800  _EPwm1Regs                                
1     00006840  _EPwm2Regs                                
1     00006880  _EPwm3Regs                                
1     000068c0  _EPwm4Regs                                
1     00006900  _EPwm5Regs                                
1     00006940  _EPwm6Regs                                
1     00006980  _EPwm7Regs                                
1     000069c0  _EPwm8Regs                                
0     003d81d9  _EQEP1_INT_ISR                            
0     003d81cf  _EQEP2_INT_ISR                            
1     00006b00  _EQep1Regs                                
1     00006b40  _EQep2Regs                                
1     00000d01  _EmuBMode                                 
1     00000d00  _EmuKey                                   
0     003d8892  _EnableInterrupts                         
0     003d8504  _ExtOscSel                                
0     003fda92  _FPUatan2HalfPITable                      
0     003fda96  _FPUatan2Table                            
0     003fdc1c  _FPUatan2TableEnd                         
0     003fd690  _FPUcosTable                              
0     003fda92  _FPUcosTableEnd                           
0     003fd590  _FPUsinTable                              
0     003fd990  _FPUsinTableEnd                           
1     00000a80  _FlashRegs                                
1     00000d04  _Flash_CPUScaleFactor                     
1     00000d02  _Flash_CallbackPtr                        
1     0000e029  _GPIO_oneTimeInit                         
1     00006f80  _GpioCtrlRegs                             
1     00006fc0  _GpioDataRegs                             
1     00006fe0  _GpioIntRegs                              
0     003d81c5  _HRCAP1_INT_ISR                           
0     003d81bb  _HRCAP2_INT_ISR                           
0     003d81b1  _HRCAP3_INT_ISR                           
0     003d81a7  _HRCAP4_INT_ISR                           
1     00006ac0  _HRCap1Regs                               
1     00006ae0  _HRCap2Regs                               
1     00006c80  _HRCap3Regs                               
1     00006ca0  _HRCap4Regs                               
0     003d819d  _I2CINT1A_ISR                             
0     003d8193  _I2CINT2A_ISR                             
1     00007900  _I2caRegs                                 
0     003d8189  _ILLEGAL_ISR                              
0     003d817f  _INT13_ISR                                
0     003d8175  _INT14_ISR                                
0     003d85af  _InitCpuTimers                            
0     00008000  _InitFlash                                
0     003d8460  _InitPeripheralClocks                     
0     003d8873  _InitPieCtrl                              
0     003d8941  _InitPieVectTable                         
0     003d840e  _InitPll                                  
0     003d84d7  _InitPll2                                 
0     003d84bf  _InitSysCtrl                              
0     003d83f6  _IntOsc1Sel                               
0     003d83e2  _IntOsc2Sel                               
1     0000e026  _IsrOverrun                               
0     003d816b  _LUF_ISR                                  
0     003d8161  _LVF_ISR                                  
0     003d8157  _MRINTA_ISR                               
1     0000e032  _MW_InterruptDisableLock                  
0     003d814d  _MXINTA_ISR                               
1     00005000  _McbspaRegs                               
0     003d8841  _Motor_Control_01_SetEventsForThisBaseStep
0     003d8834  _Motor_Control_01_initialize              
0     003d8143  _NMI_ISR                                  
1     00007060  _NmiIntruptRegs                           
0     003d8139  _PIE_RESERVED                             
1     003d7e80  _PartIdRegs                               
1     00000ce0  _PieCtrlRegs                              
1     00000d00  _PieVectTable                             
0     003d8968  _PieVectTableInit                         
0     003d812f  _RTOSINT_ISR                              
0     003d8021  _RamfuncsLoadEnd                          
0     003d8000  _RamfuncsLoadStart                        
0     00008000  _RamfuncsRunStart                         
0     003d8125  _SCIRXINTA_ISR                            
0     003d811b  _SCIRXINTB_ISR                            
0     003d8111  _SCITXINTA_ISR                            
0     003d8107  _SCITXINTB_ISR                            
0     003d80fd  _SPIRXINTA_ISR                            
0     003d80f3  _SPIRXINTB_ISR                            
0     003d80e9  _SPITXINTA_ISR                            
0     003d80df  _SPITXINTB_ISR                            
1     00007050  _SciaRegs                                 
1     00007750  _ScibRegs                                 
0     003d83d8  _ServiceDog                               
1     00007040  _SpiaRegs                                 
1     00007740  _SpibRegs                                 
1     00007010  _SysCtrlRegs                              
1     00000985  _SysPwrCtrlRegs                           
0     003d80d5  _TINT0_ISR                                
0     003d86f6  _TINT0_isr                                
0     003d882d  _Task_10ms                                
1     0000e01f  _Task_10ms_Cnt                            
0     003d8824  _Task_1ms                                 
1     0000e01e  _Task_1ms_Cnt                             
0     003d80cb  _USB0_INT_ISR                             
0     003d80c1  _USER10_ISR                               
0     003d80b7  _USER11_ISR                               
0     003d80ad  _USER12_ISR                               
0     003d80a3  _USER1_ISR                                
0     003d8099  _USER2_ISR                                
0     003d808f  _USER3_ISR                                
0     003d8085  _USER4_ISR                                
0     003d807b  _USER5_ISR                                
0     003d8071  _USER6_ISR                                
0     003d8067  _USER7_ISR                                
0     003d805d  _USER8_ISR                                
0     003d8053  _USER9_ISR                                
1     00004000  _Usb0Regs                                 
0     003d8049  _WAKEINT_ISR                              
0     003d803f  _XINT1_ISR                                
0     003d8035  _XINT2_ISR                                
0     003d802b  _XINT3_ISR                                
1     00007070  _XIntruptRegs                             
0     003d83bc  _XtalOscSel                               
1     00000402  __STACK_END                               
abs   00000400  __STACK_SIZE                              
1     0000e01a  ___TI_cleanup_ptr                         
1     0000e01c  ___TI_dtors_ptr                           
1     0000e018  ___TI_enable_exit_profile_output          
abs   ffffffff  ___TI_pprof_out_hndl                      
abs   ffffffff  ___TI_prof_data_size                      
abs   ffffffff  ___TI_prof_data_start                     
abs   ffffffff  ___binit__                                
1     0000e000  ___bss__                                  
abs   ffffffff  ___c_args__                               
0     003d8a6a  ___cinit__                                
1     0000e000  ___data__                                 
1     0000e000  ___edata__                                
1     0000e000  ___end__                                  
0     003d8968  ___etext__                                
abs   ffffffff  ___pinit__                                
0     003d8021  ___text__                                 
0     003d892f  __args_main                               
1     0000e02a  __lock                                    
0     003d895a  __nop                                     
0     003d8956  __register_lock                           
0     003d8952  __register_unlock                         
1     00000002  __stack                                   
0     003d8967  __system_post_cinit                       
0     003d8965  __system_pre_init                         
1     0000e02c  __unlock                                  
0     003d884a  _abort                                    
0     003d86ac  _atan                                     
0     003d865d  _atan2                                    
0     003d88fb  _atan2f                                   
0     003d88f8  _atanf                                    
0     003d8964  _bootloaderBackgroundTask                 
0     003d8963  _bootloaderInit                           
0     003d88e9  _c2000_flash_init                         
0     003d8607  _c_int00                                  
0     003d875b  _configureTimer0                          
0     003d889b  _copy_in                                  
0     003d87b4  _cos                                      
0     003d88e6  _cosf                                     
0     003d873a  _disableTimer0Interrupt                   
0     003d874b  _enableTimer0Interrupt                    
0     003d884c  _exit                                     
0     003d8927  _globalInterruptDisable                   
0     003d891b  _globalInterruptEnable                    
0     003d877c  _init_board                               
1     0000e02e  _isRateRunning                            
0     003d8587  _main                                     
0     003d88fe  _memcpy                                   
1     0000e030  _need2runFlags                            
0     003d8753  _restoreTimer0Interrupt                   
0     003d8021  _rsvd_ISR                                 
0     003d8a68  _rtM                                      
1     0000e022  _rtP                                      
0     003d854a  _rt_OneStep                               
1     0000e028  _runModel                                 
0     003d87e8  _sin                                      
0     003d88e3  _sinf                                     
0     003d88bf  _sqrt                                     
0     003d88e0  _sqrtf                                    
1     0000e027  _stopRequested                            
abs   ffffffff  binit                                     
0     003d8a6a  cinit                                     
0     003f7ff6  code_start                                
1     0000e000  edata                                     
1     0000e000  end                                       
0     003d8968  etext                                     
abs   ffffffff  pinit                                     


GLOBAL SYMBOLS: SORTED BY Symbol Address 

page  address   name                                      
----  -------   ----                                      
0     00008000  _InitFlash                                
0     00008000  _RamfuncsRunStart                         
0     0000801d  _DSP28x_usDelay                           
0     003d8000  _RamfuncsLoadStart                        
0     003d8021  .text                                     
0     003d8021  _RamfuncsLoadEnd                          
0     003d8021  ___text__                                 
0     003d8021  _rsvd_ISR                                 
0     003d802b  _XINT3_ISR                                
0     003d8035  _XINT2_ISR                                
0     003d803f  _XINT1_ISR                                
0     003d8049  _WAKEINT_ISR                              
0     003d8053  _USER9_ISR                                
0     003d805d  _USER8_ISR                                
0     003d8067  _USER7_ISR                                
0     003d8071  _USER6_ISR                                
0     003d807b  _USER5_ISR                                
0     003d8085  _USER4_ISR                                
0     003d808f  _USER3_ISR                                
0     003d8099  _USER2_ISR                                
0     003d80a3  _USER1_ISR                                
0     003d80ad  _USER12_ISR                               
0     003d80b7  _USER11_ISR                               
0     003d80c1  _USER10_ISR                               
0     003d80cb  _USB0_INT_ISR                             
0     003d80d5  _TINT0_ISR                                
0     003d80df  _SPITXINTB_ISR                            
0     003d80e9  _SPITXINTA_ISR                            
0     003d80f3  _SPIRXINTB_ISR                            
0     003d80fd  _SPIRXINTA_ISR                            
0     003d8107  _SCITXINTB_ISR                            
0     003d8111  _SCITXINTA_ISR                            
0     003d811b  _SCIRXINTB_ISR                            
0     003d8125  _SCIRXINTA_ISR                            
0     003d812f  _RTOSINT_ISR                              
0     003d8139  _PIE_RESERVED                             
0     003d8143  _NMI_ISR                                  
0     003d814d  _MXINTA_ISR                               
0     003d8157  _MRINTA_ISR                               
0     003d8161  _LVF_ISR                                  
0     003d816b  _LUF_ISR                                  
0     003d8175  _INT14_ISR                                
0     003d817f  _INT13_ISR                                
0     003d8189  _ILLEGAL_ISR                              
0     003d8193  _I2CINT2A_ISR                             
0     003d819d  _I2CINT1A_ISR                             
0     003d81a7  _HRCAP4_INT_ISR                           
0     003d81b1  _HRCAP3_INT_ISR                           
0     003d81bb  _HRCAP2_INT_ISR                           
0     003d81c5  _HRCAP1_INT_ISR                           
0     003d81cf  _EQEP2_INT_ISR                            
0     003d81d9  _EQEP1_INT_ISR                            
0     003d81e3  _EPWM8_TZINT_ISR                          
0     003d81ed  _EPWM8_INT_ISR                            
0     003d81f7  _EPWM7_TZINT_ISR                          
0     003d8201  _EPWM7_INT_ISR                            
0     003d820b  _EPWM6_TZINT_ISR                          
0     003d8215  _EPWM6_INT_ISR                            
0     003d821f  _EPWM5_TZINT_ISR                          
0     003d8229  _EPWM5_INT_ISR                            
0     003d8233  _EPWM4_TZINT_ISR                          
0     003d823d  _EPWM4_INT_ISR                            
0     003d8247  _EPWM3_TZINT_ISR                          
0     003d8251  _EPWM3_INT_ISR                            
0     003d825b  _EPWM2_TZINT_ISR                          
0     003d8265  _EPWM2_INT_ISR                            
0     003d826f  _EPWM1_TZINT_ISR                          
0     003d8279  _EPWM1_INT_ISR                            
0     003d8283  _EMUINT_ISR                               
0     003d828d  _EMPTY_ISR                                
0     003d829a  _ECAP3_INT_ISR                            
0     003d82a4  _ECAP2_INT_ISR                            
0     003d82ae  _ECAP1_INT_ISR                            
0     003d82b8  _ECAN1INTA_ISR                            
0     003d82c2  _ECAN0INTA_ISR                            
0     003d82cc  _DINTCH6_ISR                              
0     003d82d6  _DINTCH5_ISR                              
0     003d82e0  _DINTCH4_ISR                              
0     003d82ea  _DINTCH3_ISR                              
0     003d82f4  _DINTCH2_ISR                              
0     003d82fe  _DINTCH1_ISR                              
0     003d8308  _DATALOG_ISR                              
0     003d8312  _CLA1_INT8_ISR                            
0     003d831c  _CLA1_INT7_ISR                            
0     003d8326  _CLA1_INT6_ISR                            
0     003d8330  _CLA1_INT5_ISR                            
0     003d833a  _CLA1_INT4_ISR                            
0     003d8344  _CLA1_INT3_ISR                            
0     003d834e  _CLA1_INT2_ISR                            
0     003d8358  _CLA1_INT1_ISR                            
0     003d8362  _ADCINT9_ISR                              
0     003d836c  _ADCINT8_ISR                              
0     003d8376  _ADCINT7_ISR                              
0     003d8380  _ADCINT6_ISR                              
0     003d838a  _ADCINT5_ISR                              
0     003d8394  _ADCINT4_ISR                              
0     003d839e  _ADCINT3_ISR                              
0     003d83a8  _ADCINT2_ISR                              
0     003d83b2  _ADCINT1_ISR                              
0     003d83bc  _XtalOscSel                               
0     003d83d8  _ServiceDog                               
0     003d83e2  _IntOsc2Sel                               
0     003d83f6  _IntOsc1Sel                               
0     003d8406  _DisableDog                               
0     003d840e  _InitPll                                  
0     003d8460  _InitPeripheralClocks                     
0     003d84bf  _InitSysCtrl                              
0     003d84d7  _InitPll2                                 
0     003d8504  _ExtOscSel                                
0     003d851c  _CsmUnlock                                
0     003d854a  _rt_OneStep                               
0     003d8587  _main                                     
0     003d85af  _InitCpuTimers                            
0     003d85e4  _ConfigCpuTimer                           
0     003d8607  _c_int00                                  
0     003d865d  _atan2                                    
0     003d86ac  _atan                                     
0     003d86f6  _TINT0_isr                                
0     003d873a  _disableTimer0Interrupt                   
0     003d874b  _enableTimer0Interrupt                    
0     003d8753  _restoreTimer0Interrupt                   
0     003d875b  _configureTimer0                          
0     003d877c  _init_board                               
0     003d87b4  _cos                                      
0     003d87e8  _sin                                      
0     003d8824  _Task_1ms                                 
0     003d882d  _Task_10ms                                
0     003d8834  _Motor_Control_01_initialize              
0     003d8841  _Motor_Control_01_SetEventsForThisBaseStep
0     003d884a  C$$EXIT                                   
0     003d884a  _abort                                    
0     003d884c  _exit                                     
0     003d8873  _InitPieCtrl                              
0     003d8892  _EnableInterrupts                         
0     003d889b  _copy_in                                  
0     003d88bf  _sqrt                                     
0     003d88e0  _sqrtf                                    
0     003d88e3  _sinf                                     
0     003d88e6  _cosf                                     
0     003d88e9  _c2000_flash_init                         
0     003d88f8  _atanf                                    
0     003d88fb  _atan2f                                   
0     003d88fe  _memcpy                                   
0     003d891b  _globalInterruptEnable                    
0     003d8927  _globalInterruptDisable                   
0     003d892f  __args_main                               
0     003d8941  _InitPieVectTable                         
0     003d8952  __register_unlock                         
0     003d8956  __register_lock                           
0     003d895a  __nop                                     
0     003d8963  _bootloaderInit                           
0     003d8964  _bootloaderBackgroundTask                 
0     003d8965  __system_pre_init                         
0     003d8967  __system_post_cinit                       
0     003d8968  _PieVectTableInit                         
0     003d8968  ___etext__                                
0     003d8968  etext                                     
0     003d8a68  _rtM                                      
0     003d8a6a  ___cinit__                                
0     003d8a6a  cinit                                     
0     003f7ff6  code_start                                
0     003fd590  _FPUsinTable                              
0     003fd690  _FPUcosTable                              
0     003fd990  _FPUsinTableEnd                           
0     003fda92  _FPUatan2HalfPITable                      
0     003fda92  _FPUcosTableEnd                           
0     003fda96  _FPUatan2Table                            
0     003fdc1c  _FPUatan2TableEnd                         
1     00000002  __stack                                   
1     00000402  __STACK_END                               
1     00000880  _DevEmuRegs                               
1     00000985  _SysPwrCtrlRegs                           
1     00000a80  _FlashRegs                                
1     00000ae0  _CsmRegs                                  
1     00000b00  _AdcResult                                
1     00000c00  _CpuTimer0Regs                            
1     00000c08  _CpuTimer1Regs                            
1     00000c10  _CpuTimer2Regs                            
1     00000ce0  _PieCtrlRegs                              
1     00000d00  _EmuKey                                   
1     00000d00  _PieVectTable                             
1     00000d01  _EmuBMode                                 
1     00000d02  _Flash_CallbackPtr                        
1     00000d04  _Flash_CPUScaleFactor                     
1     00001000  _DmaRegs                                  
1     00001400  _Cla1Regs                                 
1     00004000  _Usb0Regs                                 
1     00005000  _McbspaRegs                               
1     00006000  _ECanaRegs                                
1     00006040  _ECanaLAMRegs                             
1     00006080  _ECanaMOTSRegs                            
1     000060c0  _ECanaMOTORegs                            
1     00006100  _ECanaMboxes                              
1     00006400  _Comp1Regs                                
1     00006420  _Comp2Regs                                
1     00006440  _Comp3Regs                                
1     00006800  _EPwm1Regs                                
1     00006840  _EPwm2Regs                                
1     00006880  _EPwm3Regs                                
1     000068c0  _EPwm4Regs                                
1     00006900  _EPwm5Regs                                
1     00006940  _EPwm6Regs                                
1     00006980  _EPwm7Regs                                
1     000069c0  _EPwm8Regs                                
1     00006a00  _ECap1Regs                                
1     00006a20  _ECap2Regs                                
1     00006a40  _ECap3Regs                                
1     00006ac0  _HRCap1Regs                               
1     00006ae0  _HRCap2Regs                               
1     00006b00  _EQep1Regs                                
1     00006b40  _EQep2Regs                                
1     00006c80  _HRCap3Regs                               
1     00006ca0  _HRCap4Regs                               
1     00006f80  _GpioCtrlRegs                             
1     00006fc0  _GpioDataRegs                             
1     00006fe0  _GpioIntRegs                              
1     00007010  _SysCtrlRegs                              
1     00007040  _SpiaRegs                                 
1     00007050  _SciaRegs                                 
1     00007060  _NmiIntruptRegs                           
1     00007070  _XIntruptRegs                             
1     00007100  _AdcRegs                                  
1     00007740  _SpibRegs                                 
1     00007750  _ScibRegs                                 
1     00007900  _I2caRegs                                 
1     0000e000  .bss                                      
1     0000e000  .data                                     
1     0000e000  _CpuTimer0                                
1     0000e000  ___bss__                                  
1     0000e000  ___data__                                 
1     0000e000  ___edata__                                
1     0000e000  ___end__                                  
1     0000e000  edata                                     
1     0000e000  end                                       
1     0000e008  _CpuTimer1                                
1     0000e010  _CpuTimer2                                
1     0000e018  ___TI_enable_exit_profile_output          
1     0000e01a  ___TI_cleanup_ptr                         
1     0000e01c  ___TI_dtors_ptr                           
1     0000e01e  _Task_1ms_Cnt                             
1     0000e01f  _Task_10ms_Cnt                            
1     0000e022  _rtP                                      
1     0000e026  _IsrOverrun                               
1     0000e027  _stopRequested                            
1     0000e028  _runModel                                 
1     0000e029  _GPIO_oneTimeInit                         
1     0000e02a  __lock                                    
1     0000e02c  __unlock                                  
1     0000e02e  _isRateRunning                            
1     0000e030  _need2runFlags                            
1     0000e032  _MW_InterruptDisableLock                  
1     003d7e80  _PartIdRegs                               
1     003f7ff8  _CsmPwl                                   
abs   00000400  __STACK_SIZE                              
abs   ffffffff  ___TI_pprof_out_hndl                      
abs   ffffffff  ___TI_prof_data_size                      
abs   ffffffff  ___TI_prof_data_start                     
abs   ffffffff  ___binit__                                
abs   ffffffff  ___c_args__                               
abs   ffffffff  ___pinit__                                
abs   ffffffff  binit                                     
abs   ffffffff  pinit                                     

[262 symbols]
